// Jest Snapshot v1, https://goo.gl/fbAQLP

exports[`AuthorList should render Default 1`] = `
<DocumentFragment>
  <article
    class="css-1d3do4s-AuthorListWrapper e17rhc8g0"
  >
    <a
      class="MuiTypography-root MuiTypography-inherit MuiLink-root MuiLink-underlineAlways css-1d7qh53-MuiTypography-root-MuiLink-root-AuthorListItem"
      href="example-slug"
    >
      <div
        class="css-1qrb959-AuthorListItemImageWrapper ersskp41"
      >
        <img
          alt="DSC07717"
          class="css-1wiojmo-ImageWrapper-AuthorListItem e1shv2yg0"
          height="6000"
          loading="lazy"
          srcset="https://unsplash.it/800/800 800w,
https://unsplash.it/500/500 500w,
https://unsplash.it/300/300 300w,
https://unsplash.it/200/200 200w"
          title=""
          width="4000"
        />
      </div>
      <div
        class="css-1f3530-AuthorListItemContent ersskp40"
      >
        <h6
          class="MuiTypography-root MuiTypography-h6 css-2ulfj5-MuiTypography-root"
        >
          Example Name
        </h6>
        <p
          class="MuiTypography-root MuiTypography-body1 css-ahj2mt-MuiTypography-root"
        >
          Co-Geschäftsleitung & Chefredaktor
        </p>
      </div>
    </a>
    <a
      class="MuiTypography-root MuiTypography-inherit MuiLink-root MuiLink-underlineAlways css-1d7qh53-MuiTypography-root-MuiLink-root-AuthorListItem"
      href="example-slug"
    >
      <div
        class="css-1qrb959-AuthorListItemImageWrapper ersskp41"
      >
        <img
          alt="DSC07717"
          class="css-1wiojmo-ImageWrapper-AuthorListItem e1shv2yg0"
          height="6000"
          loading="lazy"
          srcset="https://unsplash.it/800/800 800w,
https://unsplash.it/500/500 500w,
https://unsplash.it/300/300 300w,
https://unsplash.it/200/200 200w"
          title=""
          width="4000"
        />
      </div>
      <div
        class="css-1f3530-AuthorListItemContent ersskp40"
      >
        <h6
          class="MuiTypography-root MuiTypography-h6 css-2ulfj5-MuiTypography-root"
        >
          Example Name
        </h6>
        <p
          class="MuiTypography-root MuiTypography-body1 css-ahj2mt-MuiTypography-root"
        >
          Co-Geschäftsleitung & Chefredaktor
        </p>
      </div>
    </a>
    <a
      class="MuiTypography-root MuiTypography-inherit MuiLink-root MuiLink-underlineAlways css-1d7qh53-MuiTypography-root-MuiLink-root-AuthorListItem"
      href="example-slug"
    >
      <div
        class="css-1qrb959-AuthorListItemImageWrapper ersskp41"
      >
        <img
          alt="DSC07717"
          class="css-1wiojmo-ImageWrapper-AuthorListItem e1shv2yg0"
          height="6000"
          loading="lazy"
          srcset="https://unsplash.it/800/800 800w,
https://unsplash.it/500/500 500w,
https://unsplash.it/300/300 300w,
https://unsplash.it/200/200 200w"
          title=""
          width="4000"
        />
      </div>
      <div
        class="css-1f3530-AuthorListItemContent ersskp40"
      >
        <h6
          class="MuiTypography-root MuiTypography-h6 css-2ulfj5-MuiTypography-root"
        >
          Example Name
        </h6>
        <p
          class="MuiTypography-root MuiTypography-body1 css-ahj2mt-MuiTypography-root"
        >
          Co-Geschäftsleitung & Chefredaktor
        </p>
      </div>
    </a>
    <a
      class="MuiTypography-root MuiTypography-inherit MuiLink-root MuiLink-underlineAlways css-1d7qh53-MuiTypography-root-MuiLink-root-AuthorListItem"
      href="example-slug"
    >
      <div
        class="css-1qrb959-AuthorListItemImageWrapper ersskp41"
      >
        <img
          alt="DSC07717"
          class="css-1wiojmo-ImageWrapper-AuthorListItem e1shv2yg0"
          height="6000"
          loading="lazy"
          srcset="https://unsplash.it/800/800 800w,
https://unsplash.it/500/500 500w,
https://unsplash.it/300/300 300w,
https://unsplash.it/200/200 200w"
          title=""
          width="4000"
        />
      </div>
      <div
        class="css-1f3530-AuthorListItemContent ersskp40"
      >
        <h6
          class="MuiTypography-root MuiTypography-h6 css-2ulfj5-MuiTypography-root"
        >
          Example Name
        </h6>
        <p
          class="MuiTypography-root MuiTypography-body1 css-ahj2mt-MuiTypography-root"
        >
          Co-Geschäftsleitung & Chefredaktor
        </p>
      </div>
    </a>
    <a
      class="MuiTypography-root MuiTypography-inherit MuiLink-root MuiLink-underlineAlways css-1d7qh53-MuiTypography-root-MuiLink-root-AuthorListItem"
      href="example-slug"
    >
      <div
        class="css-1qrb959-AuthorListItemImageWrapper ersskp41"
      >
        <img
          alt="DSC07717"
          class="css-1wiojmo-ImageWrapper-AuthorListItem e1shv2yg0"
          height="6000"
          loading="lazy"
          srcset="https://unsplash.it/800/800 800w,
https://unsplash.it/500/500 500w,
https://unsplash.it/300/300 300w,
https://unsplash.it/200/200 200w"
          title=""
          width="4000"
        />
      </div>
      <div
        class="css-1f3530-AuthorListItemContent ersskp40"
      >
        <h6
          class="MuiTypography-root MuiTypography-h6 css-2ulfj5-MuiTypography-root"
        >
          Example Name
        </h6>
        <p
          class="MuiTypography-root MuiTypography-body1 css-ahj2mt-MuiTypography-root"
        >
          Co-Geschäftsleitung & Chefredaktor
        </p>
      </div>
    </a>
    <a
      class="MuiTypography-root MuiTypography-inherit MuiLink-root MuiLink-underlineAlways css-1d7qh53-MuiTypography-root-MuiLink-root-AuthorListItem"
      href="example-slug"
    >
      <div
        class="css-1qrb959-AuthorListItemImageWrapper ersskp41"
      >
        <img
          alt="DSC07717"
          class="css-1wiojmo-ImageWrapper-AuthorListItem e1shv2yg0"
          height="6000"
          loading="lazy"
          srcset="https://unsplash.it/800/800 800w,
https://unsplash.it/500/500 500w,
https://unsplash.it/300/300 300w,
https://unsplash.it/200/200 200w"
          title=""
          width="4000"
        />
      </div>
      <div
        class="css-1f3530-AuthorListItemContent ersskp40"
      >
        <h6
          class="MuiTypography-root MuiTypography-h6 css-2ulfj5-MuiTypography-root"
        >
          Example Name
        </h6>
        <p
          class="MuiTypography-root MuiTypography-body1 css-ahj2mt-MuiTypography-root"
        >
          Co-Geschäftsleitung & Chefredaktor
        </p>
      </div>
    </a>
    <a
      class="MuiTypography-root MuiTypography-inherit MuiLink-root MuiLink-underlineAlways css-1d7qh53-MuiTypography-root-MuiLink-root-AuthorListItem"
      href="example-slug"
    >
      <div
        class="css-1qrb959-AuthorListItemImageWrapper ersskp41"
      >
        <img
          alt="DSC07717"
          class="css-1wiojmo-ImageWrapper-AuthorListItem e1shv2yg0"
          height="6000"
          loading="lazy"
          srcset="https://unsplash.it/800/800 800w,
https://unsplash.it/500/500 500w,
https://unsplash.it/300/300 300w,
https://unsplash.it/200/200 200w"
          title=""
          width="4000"
        />
      </div>
      <div
        class="css-1f3530-AuthorListItemContent ersskp40"
      >
        <h6
          class="MuiTypography-root MuiTypography-h6 css-2ulfj5-MuiTypography-root"
        >
          Example Name
        </h6>
        <p
          class="MuiTypography-root MuiTypography-body1 css-ahj2mt-MuiTypography-root"
        >
          Co-Geschäftsleitung & Chefredaktor
        </p>
      </div>
    </a>
    <a
      class="MuiTypography-root MuiTypography-inherit MuiLink-root MuiLink-underlineAlways css-1d7qh53-MuiTypography-root-MuiLink-root-AuthorListItem"
      href="example-slug"
    >
      <div
        class="css-1qrb959-AuthorListItemImageWrapper ersskp41"
      >
        <img
          alt="DSC07717"
          class="css-1wiojmo-ImageWrapper-AuthorListItem e1shv2yg0"
          height="6000"
          loading="lazy"
          srcset="https://unsplash.it/800/800 800w,
https://unsplash.it/500/500 500w,
https://unsplash.it/300/300 300w,
https://unsplash.it/200/200 200w"
          title=""
          width="4000"
        />
      </div>
      <div
        class="css-1f3530-AuthorListItemContent ersskp40"
      >
        <h6
          class="MuiTypography-root MuiTypography-h6 css-2ulfj5-MuiTypography-root"
        >
          Example Name
        </h6>
        <p
          class="MuiTypography-root MuiTypography-body1 css-ahj2mt-MuiTypography-root"
        >
          Co-Geschäftsleitung & Chefredaktor
        </p>
      </div>
    </a>
    <a
      class="MuiTypography-root MuiTypography-inherit MuiLink-root MuiLink-underlineAlways css-1d7qh53-MuiTypography-root-MuiLink-root-AuthorListItem"
      href="example-slug"
    >
      <div
        class="css-1qrb959-AuthorListItemImageWrapper ersskp41"
      >
        <img
          alt="DSC07717"
          class="css-1wiojmo-ImageWrapper-AuthorListItem e1shv2yg0"
          height="6000"
          loading="lazy"
          srcset="https://unsplash.it/800/800 800w,
https://unsplash.it/500/500 500w,
https://unsplash.it/300/300 300w,
https://unsplash.it/200/200 200w"
          title=""
          width="4000"
        />
      </div>
      <div
        class="css-1f3530-AuthorListItemContent ersskp40"
      >
        <h6
          class="MuiTypography-root MuiTypography-h6 css-2ulfj5-MuiTypography-root"
        >
          Example Name
        </h6>
        <p
          class="MuiTypography-root MuiTypography-body1 css-ahj2mt-MuiTypography-root"
        >
          Co-Geschäftsleitung & Chefredaktor
        </p>
      </div>
    </a>
    <a
      class="MuiTypography-root MuiTypography-inherit MuiLink-root MuiLink-underlineAlways css-1d7qh53-MuiTypography-root-MuiLink-root-AuthorListItem"
      href="example-slug"
    >
      <div
        class="css-1qrb959-AuthorListItemImageWrapper ersskp41"
      >
        <img
          alt="DSC07717"
          class="css-1wiojmo-ImageWrapper-AuthorListItem e1shv2yg0"
          height="6000"
          loading="lazy"
          srcset="https://unsplash.it/800/800 800w,
https://unsplash.it/500/500 500w,
https://unsplash.it/300/300 300w,
https://unsplash.it/200/200 200w"
          title=""
          width="4000"
        />
      </div>
      <div
        class="css-1f3530-AuthorListItemContent ersskp40"
      >
        <h6
          class="MuiTypography-root MuiTypography-h6 css-2ulfj5-MuiTypography-root"
        >
          Example Name
        </h6>
        <p
          class="MuiTypography-root MuiTypography-body1 css-ahj2mt-MuiTypography-root"
        >
          Co-Geschäftsleitung & Chefredaktor
        </p>
      </div>
    </a>
    <a
      class="MuiTypography-root MuiTypography-inherit MuiLink-root MuiLink-underlineAlways css-1d7qh53-MuiTypography-root-MuiLink-root-AuthorListItem"
      href="example-slug"
    >
      <div
        class="css-1qrb959-AuthorListItemImageWrapper ersskp41"
      >
        <img
          alt="DSC07717"
          class="css-1wiojmo-ImageWrapper-AuthorListItem e1shv2yg0"
          height="6000"
          loading="lazy"
          srcset="https://unsplash.it/800/800 800w,
https://unsplash.it/500/500 500w,
https://unsplash.it/300/300 300w,
https://unsplash.it/200/200 200w"
          title=""
          width="4000"
        />
      </div>
      <div
        class="css-1f3530-AuthorListItemContent ersskp40"
      >
        <h6
          class="MuiTypography-root MuiTypography-h6 css-2ulfj5-MuiTypography-root"
        >
          Example Name
        </h6>
        <p
          class="MuiTypography-root MuiTypography-body1 css-ahj2mt-MuiTypography-root"
        >
          Co-Geschäftsleitung & Chefredaktor
        </p>
      </div>
    </a>
  </article>
</DocumentFragment>
`;

exports[`AuthorList should render WithClassName 1`] = `
<DocumentFragment>
  <article
    class="extra-classname css-1d3do4s-AuthorListWrapper e17rhc8g0"
  />
</DocumentFragment>
`;

exports[`AuthorList should render WithEmotion 1`] = `
<DocumentFragment>
  <article
    class="css-1d3do4s-AuthorListWrapper e17rhc8g0"
  />
</DocumentFragment>
`;

exports[`AuthorList should render WithError 1`] = `
<DocumentFragment>
  <article
    class="css-1d3do4s-AuthorListWrapper e17rhc8g0"
  />
</DocumentFragment>
`;

exports[`AuthorList should render WithLoading 1`] = `
<DocumentFragment>
  <article
    class="css-1d3do4s-AuthorListWrapper e17rhc8g0"
  />
</DocumentFragment>
`;

exports[`AuthorList should render WithoutImage 1`] = `
<DocumentFragment>
  <article
    class="css-1d3do4s-AuthorListWrapper e17rhc8g0"
  >
    <a
      class="MuiTypography-root MuiTypography-inherit MuiLink-root MuiLink-underlineAlways css-1d7qh53-MuiTypography-root-MuiLink-root-AuthorListItem"
      href="example-slug"
    >
      <div
        class="css-1qrb959-AuthorListItemImageWrapper ersskp41"
      >
        <img
          alt="DSC07717"
          class="css-1wiojmo-ImageWrapper-AuthorListItem e1shv2yg0"
          height="6000"
          loading="lazy"
          srcset="https://unsplash.it/800/800 800w,
https://unsplash.it/500/500 500w,
https://unsplash.it/300/300 300w,
https://unsplash.it/200/200 200w"
          title=""
          width="4000"
        />
      </div>
      <div
        class="css-1f3530-AuthorListItemContent ersskp40"
      >
        <h6
          class="MuiTypography-root MuiTypography-h6 css-2ulfj5-MuiTypography-root"
        >
          Example Name
        </h6>
        <p
          class="MuiTypography-root MuiTypography-body1 css-ahj2mt-MuiTypography-root"
        >
          Co-Geschäftsleitung & Chefredaktor
        </p>
      </div>
    </a>
    <a
      class="MuiTypography-root MuiTypography-inherit MuiLink-root MuiLink-underlineAlways css-1d7qh53-MuiTypography-root-MuiLink-root-AuthorListItem"
      href="example-slug"
    >
      <div
        class="css-1qrb959-AuthorListItemImageWrapper ersskp41"
      />
      <div
        class="css-1f3530-AuthorListItemContent ersskp40"
      >
        <h6
          class="MuiTypography-root MuiTypography-h6 css-2ulfj5-MuiTypography-root"
        >
          Example Name
        </h6>
        <p
          class="MuiTypography-root MuiTypography-body1 css-ahj2mt-MuiTypography-root"
        >
          Co-Geschäftsleitung & Chefredaktor
        </p>
      </div>
    </a>
    <a
      class="MuiTypography-root MuiTypography-inherit MuiLink-root MuiLink-underlineAlways css-1d7qh53-MuiTypography-root-MuiLink-root-AuthorListItem"
      href="example-slug"
    >
      <div
        class="css-1qrb959-AuthorListItemImageWrapper ersskp41"
      />
      <div
        class="css-1f3530-AuthorListItemContent ersskp40"
      >
        <h6
          class="MuiTypography-root MuiTypography-h6 css-2ulfj5-MuiTypography-root"
        >
          Example Name
        </h6>
        <p
          class="MuiTypography-root MuiTypography-body1 css-ahj2mt-MuiTypography-root"
        >
          Co-Geschäftsleitung & Chefredaktor
        </p>
      </div>
    </a>
    <a
      class="MuiTypography-root MuiTypography-inherit MuiLink-root MuiLink-underlineAlways css-1d7qh53-MuiTypography-root-MuiLink-root-AuthorListItem"
      href="example-slug"
    >
      <div
        class="css-1qrb959-AuthorListItemImageWrapper ersskp41"
      >
        <img
          alt="DSC07717"
          class="css-1wiojmo-ImageWrapper-AuthorListItem e1shv2yg0"
          height="6000"
          loading="lazy"
          srcset="https://unsplash.it/800/800 800w,
https://unsplash.it/500/500 500w,
https://unsplash.it/300/300 300w,
https://unsplash.it/200/200 200w"
          title=""
          width="4000"
        />
      </div>
      <div
        class="css-1f3530-AuthorListItemContent ersskp40"
      >
        <h6
          class="MuiTypography-root MuiTypography-h6 css-2ulfj5-MuiTypography-root"
        >
          Example Name
        </h6>
        <p
          class="MuiTypography-root MuiTypography-body1 css-ahj2mt-MuiTypography-root"
        >
          Co-Geschäftsleitung & Chefredaktor
        </p>
      </div>
    </a>
    <a
      class="MuiTypography-root MuiTypography-inherit MuiLink-root MuiLink-underlineAlways css-1d7qh53-MuiTypography-root-MuiLink-root-AuthorListItem"
      href="example-slug"
    >
      <div
        class="css-1qrb959-AuthorListItemImageWrapper ersskp41"
      >
        <img
          alt="DSC07717"
          class="css-1wiojmo-ImageWrapper-AuthorListItem e1shv2yg0"
          height="6000"
          loading="lazy"
          srcset="https://unsplash.it/800/800 800w,
https://unsplash.it/500/500 500w,
https://unsplash.it/300/300 300w,
https://unsplash.it/200/200 200w"
          title=""
          width="4000"
        />
      </div>
      <div
        class="css-1f3530-AuthorListItemContent ersskp40"
      >
        <h6
          class="MuiTypography-root MuiTypography-h6 css-2ulfj5-MuiTypography-root"
        >
          Example Name
        </h6>
        <p
          class="MuiTypography-root MuiTypography-body1 css-ahj2mt-MuiTypography-root"
        >
          Co-Geschäftsleitung & Chefredaktor
        </p>
      </div>
    </a>
    <a
      class="MuiTypography-root MuiTypography-inherit MuiLink-root MuiLink-underlineAlways css-1d7qh53-MuiTypography-root-MuiLink-root-AuthorListItem"
      href="example-slug"
    >
      <div
        class="css-1qrb959-AuthorListItemImageWrapper ersskp41"
      />
      <div
        class="css-1f3530-AuthorListItemContent ersskp40"
      >
        <h6
          class="MuiTypography-root MuiTypography-h6 css-2ulfj5-MuiTypography-root"
        >
          Example Name
        </h6>
        <p
          class="MuiTypography-root MuiTypography-body1 css-ahj2mt-MuiTypography-root"
        >
          Co-Geschäftsleitung & Chefredaktor
        </p>
      </div>
    </a>
    <a
      class="MuiTypography-root MuiTypography-inherit MuiLink-root MuiLink-underlineAlways css-1d7qh53-MuiTypography-root-MuiLink-root-AuthorListItem"
      href="example-slug"
    >
      <div
        class="css-1qrb959-AuthorListItemImageWrapper ersskp41"
      />
      <div
        class="css-1f3530-AuthorListItemContent ersskp40"
      >
        <h6
          class="MuiTypography-root MuiTypography-h6 css-2ulfj5-MuiTypography-root"
        >
          Example Name
        </h6>
        <p
          class="MuiTypography-root MuiTypography-body1 css-ahj2mt-MuiTypography-root"
        >
          Co-Geschäftsleitung & Chefredaktor
        </p>
      </div>
    </a>
    <a
      class="MuiTypography-root MuiTypography-inherit MuiLink-root MuiLink-underlineAlways css-1d7qh53-MuiTypography-root-MuiLink-root-AuthorListItem"
      href="example-slug"
    >
      <div
        class="css-1qrb959-AuthorListItemImageWrapper ersskp41"
      >
        <img
          alt="DSC07717"
          class="css-1wiojmo-ImageWrapper-AuthorListItem e1shv2yg0"
          height="6000"
          loading="lazy"
          srcset="https://unsplash.it/800/800 800w,
https://unsplash.it/500/500 500w,
https://unsplash.it/300/300 300w,
https://unsplash.it/200/200 200w"
          title=""
          width="4000"
        />
      </div>
      <div
        class="css-1f3530-AuthorListItemContent ersskp40"
      >
        <h6
          class="MuiTypography-root MuiTypography-h6 css-2ulfj5-MuiTypography-root"
        >
          Example Name
        </h6>
        <p
          class="MuiTypography-root MuiTypography-body1 css-ahj2mt-MuiTypography-root"
        >
          Co-Geschäftsleitung & Chefredaktor
        </p>
      </div>
    </a>
    <a
      class="MuiTypography-root MuiTypography-inherit MuiLink-root MuiLink-underlineAlways css-1d7qh53-MuiTypography-root-MuiLink-root-AuthorListItem"
      href="example-slug"
    >
      <div
        class="css-1qrb959-AuthorListItemImageWrapper ersskp41"
      >
        <img
          alt="DSC07717"
          class="css-1wiojmo-ImageWrapper-AuthorListItem e1shv2yg0"
          height="6000"
          loading="lazy"
          srcset="https://unsplash.it/800/800 800w,
https://unsplash.it/500/500 500w,
https://unsplash.it/300/300 300w,
https://unsplash.it/200/200 200w"
          title=""
          width="4000"
        />
      </div>
      <div
        class="css-1f3530-AuthorListItemContent ersskp40"
      >
        <h6
          class="MuiTypography-root MuiTypography-h6 css-2ulfj5-MuiTypography-root"
        >
          Example Name
        </h6>
        <p
          class="MuiTypography-root MuiTypography-body1 css-ahj2mt-MuiTypography-root"
        >
          Co-Geschäftsleitung & Chefredaktor
        </p>
      </div>
    </a>
    <a
      class="MuiTypography-root MuiTypography-inherit MuiLink-root MuiLink-underlineAlways css-1d7qh53-MuiTypography-root-MuiLink-root-AuthorListItem"
      href="example-slug"
    >
      <div
        class="css-1qrb959-AuthorListItemImageWrapper ersskp41"
      />
      <div
        class="css-1f3530-AuthorListItemContent ersskp40"
      >
        <h6
          class="MuiTypography-root MuiTypography-h6 css-2ulfj5-MuiTypography-root"
        >
          Example Name
        </h6>
        <p
          class="MuiTypography-root MuiTypography-body1 css-ahj2mt-MuiTypography-root"
        >
          Co-Geschäftsleitung & Chefredaktor
        </p>
      </div>
    </a>
    <a
      class="MuiTypography-root MuiTypography-inherit MuiLink-root MuiLink-underlineAlways css-1d7qh53-MuiTypography-root-MuiLink-root-AuthorListItem"
      href="example-slug"
    >
      <div
        class="css-1qrb959-AuthorListItemImageWrapper ersskp41"
      >
        <img
          alt="DSC07717"
          class="css-1wiojmo-ImageWrapper-AuthorListItem e1shv2yg0"
          height="6000"
          loading="lazy"
          srcset="https://unsplash.it/800/800 800w,
https://unsplash.it/500/500 500w,
https://unsplash.it/300/300 300w,
https://unsplash.it/200/200 200w"
          title=""
          width="4000"
        />
      </div>
      <div
        class="css-1f3530-AuthorListItemContent ersskp40"
      >
        <h6
          class="MuiTypography-root MuiTypography-h6 css-2ulfj5-MuiTypography-root"
        >
          Example Name
        </h6>
        <p
          class="MuiTypography-root MuiTypography-body1 css-ahj2mt-MuiTypography-root"
        >
          Co-Geschäftsleitung & Chefredaktor
        </p>
      </div>
    </a>
  </article>
</DocumentFragment>
`;

exports[`AuthorList should render WithoutJobTitle 1`] = `
<DocumentFragment>
  <article
    class="css-1d3do4s-AuthorListWrapper e17rhc8g0"
  >
    <a
      class="MuiTypography-root MuiTypography-inherit MuiLink-root MuiLink-underlineAlways css-1d7qh53-MuiTypography-root-MuiLink-root-AuthorListItem"
      href="example-slug"
    >
      <div
        class="css-1qrb959-AuthorListItemImageWrapper ersskp41"
      >
        <img
          alt="DSC07717"
          class="css-1wiojmo-ImageWrapper-AuthorListItem e1shv2yg0"
          height="6000"
          loading="lazy"
          srcset="https://unsplash.it/800/800 800w,
https://unsplash.it/500/500 500w,
https://unsplash.it/300/300 300w,
https://unsplash.it/200/200 200w"
          title=""
          width="4000"
        />
      </div>
      <div
        class="css-1f3530-AuthorListItemContent ersskp40"
      >
        <h6
          class="MuiTypography-root MuiTypography-h6 css-2ulfj5-MuiTypography-root"
        >
          Example Name
        </h6>
        <p
          class="MuiTypography-root MuiTypography-body1 css-ahj2mt-MuiTypography-root"
        >
          Co-Geschäftsleitung & Chefredaktor
        </p>
      </div>
    </a>
    <a
      class="MuiTypography-root MuiTypography-inherit MuiLink-root MuiLink-underlineAlways css-1d7qh53-MuiTypography-root-MuiLink-root-AuthorListItem"
      href="example-slug"
    >
      <div
        class="css-1qrb959-AuthorListItemImageWrapper ersskp41"
      >
        <img
          alt="DSC07717"
          class="css-1wiojmo-ImageWrapper-AuthorListItem e1shv2yg0"
          height="6000"
          loading="lazy"
          srcset="https://unsplash.it/800/800 800w,
https://unsplash.it/500/500 500w,
https://unsplash.it/300/300 300w,
https://unsplash.it/200/200 200w"
          title=""
          width="4000"
        />
      </div>
      <div
        class="css-1f3530-AuthorListItemContent ersskp40"
      >
        <h6
          class="MuiTypography-root MuiTypography-h6 css-2ulfj5-MuiTypography-root"
        >
          Example Name
        </h6>
      </div>
    </a>
    <a
      class="MuiTypography-root MuiTypography-inherit MuiLink-root MuiLink-underlineAlways css-1d7qh53-MuiTypography-root-MuiLink-root-AuthorListItem"
      href="example-slug"
    >
      <div
        class="css-1qrb959-AuthorListItemImageWrapper ersskp41"
      >
        <img
          alt="DSC07717"
          class="css-1wiojmo-ImageWrapper-AuthorListItem e1shv2yg0"
          height="6000"
          loading="lazy"
          srcset="https://unsplash.it/800/800 800w,
https://unsplash.it/500/500 500w,
https://unsplash.it/300/300 300w,
https://unsplash.it/200/200 200w"
          title=""
          width="4000"
        />
      </div>
      <div
        class="css-1f3530-AuthorListItemContent ersskp40"
      >
        <h6
          class="MuiTypography-root MuiTypography-h6 css-2ulfj5-MuiTypography-root"
        >
          Example Name
        </h6>
      </div>
    </a>
    <a
      class="MuiTypography-root MuiTypography-inherit MuiLink-root MuiLink-underlineAlways css-1d7qh53-MuiTypography-root-MuiLink-root-AuthorListItem"
      href="example-slug"
    >
      <div
        class="css-1qrb959-AuthorListItemImageWrapper ersskp41"
      >
        <img
          alt="DSC07717"
          class="css-1wiojmo-ImageWrapper-AuthorListItem e1shv2yg0"
          height="6000"
          loading="lazy"
          srcset="https://unsplash.it/800/800 800w,
https://unsplash.it/500/500 500w,
https://unsplash.it/300/300 300w,
https://unsplash.it/200/200 200w"
          title=""
          width="4000"
        />
      </div>
      <div
        class="css-1f3530-AuthorListItemContent ersskp40"
      >
        <h6
          class="MuiTypography-root MuiTypography-h6 css-2ulfj5-MuiTypography-root"
        >
          Example Name
        </h6>
        <p
          class="MuiTypography-root MuiTypography-body1 css-ahj2mt-MuiTypography-root"
        >
          Co-Geschäftsleitung & Chefredaktor
        </p>
      </div>
    </a>
    <a
      class="MuiTypography-root MuiTypography-inherit MuiLink-root MuiLink-underlineAlways css-1d7qh53-MuiTypography-root-MuiLink-root-AuthorListItem"
      href="example-slug"
    >
      <div
        class="css-1qrb959-AuthorListItemImageWrapper ersskp41"
      >
        <img
          alt="DSC07717"
          class="css-1wiojmo-ImageWrapper-AuthorListItem e1shv2yg0"
          height="6000"
          loading="lazy"
          srcset="https://unsplash.it/800/800 800w,
https://unsplash.it/500/500 500w,
https://unsplash.it/300/300 300w,
https://unsplash.it/200/200 200w"
          title=""
          width="4000"
        />
      </div>
      <div
        class="css-1f3530-AuthorListItemContent ersskp40"
      >
        <h6
          class="MuiTypography-root MuiTypography-h6 css-2ulfj5-MuiTypography-root"
        >
          Example Name
        </h6>
        <p
          class="MuiTypography-root MuiTypography-body1 css-ahj2mt-MuiTypography-root"
        >
          Co-Geschäftsleitung & Chefredaktor
        </p>
      </div>
    </a>
    <a
      class="MuiTypography-root MuiTypography-inherit MuiLink-root MuiLink-underlineAlways css-1d7qh53-MuiTypography-root-MuiLink-root-AuthorListItem"
      href="example-slug"
    >
      <div
        class="css-1qrb959-AuthorListItemImageWrapper ersskp41"
      >
        <img
          alt="DSC07717"
          class="css-1wiojmo-ImageWrapper-AuthorListItem e1shv2yg0"
          height="6000"
          loading="lazy"
          srcset="https://unsplash.it/800/800 800w,
https://unsplash.it/500/500 500w,
https://unsplash.it/300/300 300w,
https://unsplash.it/200/200 200w"
          title=""
          width="4000"
        />
      </div>
      <div
        class="css-1f3530-AuthorListItemContent ersskp40"
      >
        <h6
          class="MuiTypography-root MuiTypography-h6 css-2ulfj5-MuiTypography-root"
        >
          Example Name
        </h6>
      </div>
    </a>
    <a
      class="MuiTypography-root MuiTypography-inherit MuiLink-root MuiLink-underlineAlways css-1d7qh53-MuiTypography-root-MuiLink-root-AuthorListItem"
      href="example-slug"
    >
      <div
        class="css-1qrb959-AuthorListItemImageWrapper ersskp41"
      >
        <img
          alt="DSC07717"
          class="css-1wiojmo-ImageWrapper-AuthorListItem e1shv2yg0"
          height="6000"
          loading="lazy"
          srcset="https://unsplash.it/800/800 800w,
https://unsplash.it/500/500 500w,
https://unsplash.it/300/300 300w,
https://unsplash.it/200/200 200w"
          title=""
          width="4000"
        />
      </div>
      <div
        class="css-1f3530-AuthorListItemContent ersskp40"
      >
        <h6
          class="MuiTypography-root MuiTypography-h6 css-2ulfj5-MuiTypography-root"
        >
          Example Name
        </h6>
        <p
          class="MuiTypography-root MuiTypography-body1 css-ahj2mt-MuiTypography-root"
        >
          Co-Geschäftsleitung & Chefredaktor
        </p>
      </div>
    </a>
    <a
      class="MuiTypography-root MuiTypography-inherit MuiLink-root MuiLink-underlineAlways css-1d7qh53-MuiTypography-root-MuiLink-root-AuthorListItem"
      href="example-slug"
    >
      <div
        class="css-1qrb959-AuthorListItemImageWrapper ersskp41"
      >
        <img
          alt="DSC07717"
          class="css-1wiojmo-ImageWrapper-AuthorListItem e1shv2yg0"
          height="6000"
          loading="lazy"
          srcset="https://unsplash.it/800/800 800w,
https://unsplash.it/500/500 500w,
https://unsplash.it/300/300 300w,
https://unsplash.it/200/200 200w"
          title=""
          width="4000"
        />
      </div>
      <div
        class="css-1f3530-AuthorListItemContent ersskp40"
      >
        <h6
          class="MuiTypography-root MuiTypography-h6 css-2ulfj5-MuiTypography-root"
        >
          Example Name
        </h6>
      </div>
    </a>
    <a
      class="MuiTypography-root MuiTypography-inherit MuiLink-root MuiLink-underlineAlways css-1d7qh53-MuiTypography-root-MuiLink-root-AuthorListItem"
      href="example-slug"
    >
      <div
        class="css-1qrb959-AuthorListItemImageWrapper ersskp41"
      >
        <img
          alt="DSC07717"
          class="css-1wiojmo-ImageWrapper-AuthorListItem e1shv2yg0"
          height="6000"
          loading="lazy"
          srcset="https://unsplash.it/800/800 800w,
https://unsplash.it/500/500 500w,
https://unsplash.it/300/300 300w,
https://unsplash.it/200/200 200w"
          title=""
          width="4000"
        />
      </div>
      <div
        class="css-1f3530-AuthorListItemContent ersskp40"
      >
        <h6
          class="MuiTypography-root MuiTypography-h6 css-2ulfj5-MuiTypography-root"
        >
          Example Name
        </h6>
        <p
          class="MuiTypography-root MuiTypography-body1 css-ahj2mt-MuiTypography-root"
        >
          Co-Geschäftsleitung & Chefredaktor
        </p>
      </div>
    </a>
    <a
      class="MuiTypography-root MuiTypography-inherit MuiLink-root MuiLink-underlineAlways css-1d7qh53-MuiTypography-root-MuiLink-root-AuthorListItem"
      href="example-slug"
    >
      <div
        class="css-1qrb959-AuthorListItemImageWrapper ersskp41"
      >
        <img
          alt="DSC07717"
          class="css-1wiojmo-ImageWrapper-AuthorListItem e1shv2yg0"
          height="6000"
          loading="lazy"
          srcset="https://unsplash.it/800/800 800w,
https://unsplash.it/500/500 500w,
https://unsplash.it/300/300 300w,
https://unsplash.it/200/200 200w"
          title=""
          width="4000"
        />
      </div>
      <div
        class="css-1f3530-AuthorListItemContent ersskp40"
      >
        <h6
          class="MuiTypography-root MuiTypography-h6 css-2ulfj5-MuiTypography-root"
        >
          Example Name
        </h6>
      </div>
    </a>
    <a
      class="MuiTypography-root MuiTypography-inherit MuiLink-root MuiLink-underlineAlways css-1d7qh53-MuiTypography-root-MuiLink-root-AuthorListItem"
      href="example-slug"
    >
      <div
        class="css-1qrb959-AuthorListItemImageWrapper ersskp41"
      >
        <img
          alt="DSC07717"
          class="css-1wiojmo-ImageWrapper-AuthorListItem e1shv2yg0"
          height="6000"
          loading="lazy"
          srcset="https://unsplash.it/800/800 800w,
https://unsplash.it/500/500 500w,
https://unsplash.it/300/300 300w,
https://unsplash.it/200/200 200w"
          title=""
          width="4000"
        />
      </div>
      <div
        class="css-1f3530-AuthorListItemContent ersskp40"
      >
        <h6
          class="MuiTypography-root MuiTypography-h6 css-2ulfj5-MuiTypography-root"
        >
          Example Name
        </h6>
        <p
          class="MuiTypography-root MuiTypography-body1 css-ahj2mt-MuiTypography-root"
        >
          Co-Geschäftsleitung & Chefredaktor
        </p>
      </div>
    </a>
  </article>
</DocumentFragment>
`;
