// Jest Snapshot v1, https://goo.gl/fbAQLP

exports[`Event Container should render Default 1`] = `
<DocumentFragment>
  <div
    class="css-sxg9br"
  >
    <img
      alt="DSC07717"
      class="css-1qnf57e"
      height="6000"
      srcset="https://unsplash.it/800/400 800w,
https://unsplash.it/500/300 500w,
https://unsplash.it/300/200 300w,
https://unsplash.it/200/100 200w"
      title=""
      width="4000"
    />
    <div
      class="css-64g2ef"
    >
      <div
        class="css-whbs21"
      >
        <div
          class="css-1vfcp9h"
        >
          <svg
            fill="currentColor"
            height="1em"
            stroke="currentColor"
            stroke-width="0"
            viewBox="0 0 24 24"
            width="1em"
            xmlns="http://www.w3.org/2000/svg"
          >
            <path
              d="M0 0h24v24H0z"
              fill="none"
            />
            <path
              d="M9 11H7v2h2v-2zm4 0h-2v2h2v-2zm4 0h-2v2h2v-2zm2-7h-1V2h-2v2H8V2H6v2H5c-1.11 0-1.99.9-1.99 2L3 20a2 2 0 002 2h14c1.1 0 2-.9 2-2V6c0-1.1-.9-2-2-2zm0 16H5V9h14v11z"
            />
          </svg>
          24.02.2023 09:00
        </div>
        <span>
          â€“
        </span>
         25.02.2023 07:30
      </div>
      <div
        class="css-whbs21"
      >
        <svg
          fill="currentColor"
          height="1em"
          stroke="currentColor"
          stroke-width="0"
          viewBox="0 0 24 24"
          width="1em"
          xmlns="http://www.w3.org/2000/svg"
        >
          <path
            d="M0 0h24v24H0z"
            fill="none"
          />
          <path
            d="M15 11V5l-3-3-3 3v2H3v14h18V11h-6zm-8 8H5v-2h2v2zm0-4H5v-2h2v2zm0-4H5V9h2v2zm6 8h-2v-2h2v2zm0-4h-2v-2h2v2zm0-4h-2V9h2v2zm0-4h-2V5h2v2zm6 12h-2v-2h2v2zm0-4h-2v-2h2v2z"
          />
        </svg>
         Basel
      </div>
    </div>
    <div
      class="css-1glohcq"
    >
      <h1
        class="MuiTypography-root MuiTypography-h3 css-gepadz-MuiTypography-root"
      >
        Cool concert
      </h1>
    </div>
    <div
      class="css-0"
    >
      <div
        data-gramm="false"
        data-slate-editor="true"
        data-slate-node="value"
        style="outline: none; white-space: pre-wrap; word-wrap: break-word;"
      >
        <p
          class="MuiTypography-root MuiTypography-body1 MuiTypography-gutterBottom css-d3wcwz-MuiTypography-root"
          data-slate-node="element"
        >
          <span
            data-slate-node="text"
          >
            <span
              data-slate-string="true"
            >
              Lorem ipsum dolor sit amet, 
            </span>
          </span>
          <span
            data-slate-node="text"
          >
            <strong
              data-slate-leaf="true"
            >
              <span
                data-slate-string="true"
              >
                consectetur adipiscing elit, 
              </span>
            </strong>
          </span>
          <span
            data-slate-node="text"
          >
            <em
              data-slate-leaf="true"
            >
              <span
                data-slate-string="true"
              >
                sed do eiusmod tempor incididunt ut labore et dolore magna aliqua. 
              </span>
            </em>
          </span>
          <span
            data-slate-node="text"
          >
            <u
              data-slate-leaf="true"
            >
              <span
                data-slate-string="true"
              >
                Ut enim ad minim veniam, 
              </span>
            </u>
          </span>
          <span
            data-slate-node="text"
          >
            <del
              data-slate-leaf="true"
            >
              <span
                data-slate-string="true"
              >
                quis nostrud exercitation ullamco laboris nisi ut aliquip ex ea commodo consequat. 
              </span>
            </del>
          </span>
          <span
            data-slate-node="text"
          >
            <span
              data-slate-string="true"
            >
              Duis aute irure dolor in reprehenderit in voluptate velit esse cillum dolore eu fugiat nulla pariatur. 
            </span>
          </span>
          <span
            data-slate-node="text"
          >
            <span
              data-slate-string="true"
            >
              Excepteur sint occaecat cupidatat non proident, sunt in culpa qui officia deserunt mollit anim id est laborum.
            </span>
          </span>
        </p>
        <p
          class="MuiTypography-root MuiTypography-body1 MuiTypography-gutterBottom css-d3wcwz-MuiTypography-root"
          data-slate-node="element"
        >
          <span
            data-slate-node="text"
          >
            <span
              data-slate-string="true"
            >
              Lorem ipsum dolor sit amet, 
            </span>
          </span>
          <span
            data-slate-node="text"
          >
            <strong
              data-slate-leaf="true"
            >
              <span
                data-slate-string="true"
              >
                consectetur adipiscing elit, 
              </span>
            </strong>
          </span>
          <span
            data-slate-node="text"
          >
            <em
              data-slate-leaf="true"
            >
              <span
                data-slate-string="true"
              >
                sed do eiusmod tempor incididunt ut labore et dolore magna aliqua. 
              </span>
            </em>
          </span>
          <span
            data-slate-node="text"
          >
            <u
              data-slate-leaf="true"
            >
              <span
                data-slate-string="true"
              >
                Ut enim ad minim veniam, 
              </span>
            </u>
          </span>
          <span
            data-slate-node="text"
          >
            <del
              data-slate-leaf="true"
            >
              <span
                data-slate-string="true"
              >
                quis nostrud exercitation ullamco laboris nisi ut aliquip ex ea commodo consequat. 
              </span>
            </del>
          </span>
          <span
            data-slate-node="text"
          >
            <span
              data-slate-string="true"
            >
              Duis aute irure dolor in reprehenderit in voluptate velit esse cillum dolore eu fugiat nulla pariatur. 
            </span>
          </span>
          <span
            data-slate-node="text"
          >
            <span
              data-slate-string="true"
            >
              Excepteur sint occaecat cupidatat non proident, sunt in culpa qui officia deserunt mollit anim id est laborum.
            </span>
          </span>
        </p>
        <p
          class="MuiTypography-root MuiTypography-body1 MuiTypography-gutterBottom css-d3wcwz-MuiTypography-root"
          data-slate-node="element"
        >
          <span
            data-slate-node="text"
          >
            <span
              data-slate-string="true"
            >
              Lorem ipsum dolor sit amet, 
            </span>
          </span>
          <span
            data-slate-node="text"
          >
            <strong
              data-slate-leaf="true"
            >
              <span
                data-slate-string="true"
              >
                consectetur adipiscing elit, 
              </span>
            </strong>
          </span>
          <span
            data-slate-node="text"
          >
            <em
              data-slate-leaf="true"
            >
              <span
                data-slate-string="true"
              >
                sed do eiusmod tempor incididunt ut labore et dolore magna aliqua. 
              </span>
            </em>
          </span>
          <span
            data-slate-node="text"
          >
            <u
              data-slate-leaf="true"
            >
              <span
                data-slate-string="true"
              >
                Ut enim ad minim veniam, 
              </span>
            </u>
          </span>
          <span
            data-slate-node="text"
          >
            <del
              data-slate-leaf="true"
            >
              <span
                data-slate-string="true"
              >
                quis nostrud exercitation ullamco laboris nisi ut aliquip ex ea commodo consequat. 
              </span>
            </del>
          </span>
          <span
            data-slate-node="text"
          >
            <span
              data-slate-string="true"
            >
              Duis aute irure dolor in reprehenderit in voluptate velit esse cillum dolore eu fugiat nulla pariatur. 
            </span>
          </span>
          <span
            data-slate-node="text"
          >
            <span
              data-slate-string="true"
            >
              Excepteur sint occaecat cupidatat non proident, sunt in culpa qui officia deserunt mollit anim id est laborum.
            </span>
          </span>
        </p>
        <p
          class="MuiTypography-root MuiTypography-body1 MuiTypography-gutterBottom css-d3wcwz-MuiTypography-root"
          data-slate-node="element"
        >
          <span
            data-slate-node="text"
          >
            <span
              data-slate-string="true"
            >
              Lorem ipsum dolor sit amet, 
            </span>
          </span>
          <span
            data-slate-node="text"
          >
            <strong
              data-slate-leaf="true"
            >
              <span
                data-slate-string="true"
              >
                consectetur adipiscing elit, 
              </span>
            </strong>
          </span>
          <span
            data-slate-node="text"
          >
            <em
              data-slate-leaf="true"
            >
              <span
                data-slate-string="true"
              >
                sed do eiusmod tempor incididunt ut labore et dolore magna aliqua. 
              </span>
            </em>
          </span>
          <span
            data-slate-node="text"
          >
            <u
              data-slate-leaf="true"
            >
              <span
                data-slate-string="true"
              >
                Ut enim ad minim veniam, 
              </span>
            </u>
          </span>
          <span
            data-slate-node="text"
          >
            <del
              data-slate-leaf="true"
            >
              <span
                data-slate-string="true"
              >
                quis nostrud exercitation ullamco laboris nisi ut aliquip ex ea commodo consequat. 
              </span>
            </del>
          </span>
          <span
            data-slate-node="text"
          >
            <span
              data-slate-string="true"
            >
              Duis aute irure dolor in reprehenderit in voluptate velit esse cillum dolore eu fugiat nulla pariatur. 
            </span>
          </span>
          <span
            data-slate-node="text"
          >
            <span
              data-slate-string="true"
            >
              Excepteur sint occaecat cupidatat non proident, sunt in culpa qui officia deserunt mollit anim id est laborum.
            </span>
          </span>
        </p>
      </div>
    </div>
  </div>
</DocumentFragment>
`;

exports[`Event Container should render WithClassName 1`] = `
<DocumentFragment>
  <div
    class="extra-classname css-sxg9br"
  >
    <img
      alt="DSC07717"
      class="css-1qnf57e"
      height="6000"
      srcset="https://unsplash.it/800/400 800w,
https://unsplash.it/500/300 500w,
https://unsplash.it/300/200 300w,
https://unsplash.it/200/100 200w"
      title=""
      width="4000"
    />
    <div
      class="css-64g2ef"
    >
      <div
        class="css-whbs21"
      >
        <div
          class="css-1vfcp9h"
        >
          <svg
            fill="currentColor"
            height="1em"
            stroke="currentColor"
            stroke-width="0"
            viewBox="0 0 24 24"
            width="1em"
            xmlns="http://www.w3.org/2000/svg"
          >
            <path
              d="M0 0h24v24H0z"
              fill="none"
            />
            <path
              d="M9 11H7v2h2v-2zm4 0h-2v2h2v-2zm4 0h-2v2h2v-2zm2-7h-1V2h-2v2H8V2H6v2H5c-1.11 0-1.99.9-1.99 2L3 20a2 2 0 002 2h14c1.1 0 2-.9 2-2V6c0-1.1-.9-2-2-2zm0 16H5V9h14v11z"
            />
          </svg>
          24.02.2023 09:00
        </div>
        <span>
          â€“
        </span>
         25.02.2023 07:30
      </div>
      <div
        class="css-whbs21"
      >
        <svg
          fill="currentColor"
          height="1em"
          stroke="currentColor"
          stroke-width="0"
          viewBox="0 0 24 24"
          width="1em"
          xmlns="http://www.w3.org/2000/svg"
        >
          <path
            d="M0 0h24v24H0z"
            fill="none"
          />
          <path
            d="M15 11V5l-3-3-3 3v2H3v14h18V11h-6zm-8 8H5v-2h2v2zm0-4H5v-2h2v2zm0-4H5V9h2v2zm6 8h-2v-2h2v2zm0-4h-2v-2h2v2zm0-4h-2V9h2v2zm0-4h-2V5h2v2zm6 12h-2v-2h2v2zm0-4h-2v-2h2v2z"
          />
        </svg>
         Basel
      </div>
    </div>
    <div
      class="css-1glohcq"
    >
      <h1
        class="MuiTypography-root MuiTypography-h3 css-gepadz-MuiTypography-root"
      >
        Cool concert
      </h1>
    </div>
    <div
      class="css-0"
    >
      <div
        data-gramm="false"
        data-slate-editor="true"
        data-slate-node="value"
        style="outline: none; white-space: pre-wrap; word-wrap: break-word;"
      >
        <p
          class="MuiTypography-root MuiTypography-body1 MuiTypography-gutterBottom css-d3wcwz-MuiTypography-root"
          data-slate-node="element"
        >
          <span
            data-slate-node="text"
          >
            <span
              data-slate-string="true"
            >
              Lorem ipsum dolor sit amet, 
            </span>
          </span>
          <span
            data-slate-node="text"
          >
            <strong
              data-slate-leaf="true"
            >
              <span
                data-slate-string="true"
              >
                consectetur adipiscing elit, 
              </span>
            </strong>
          </span>
          <span
            data-slate-node="text"
          >
            <em
              data-slate-leaf="true"
            >
              <span
                data-slate-string="true"
              >
                sed do eiusmod tempor incididunt ut labore et dolore magna aliqua. 
              </span>
            </em>
          </span>
          <span
            data-slate-node="text"
          >
            <u
              data-slate-leaf="true"
            >
              <span
                data-slate-string="true"
              >
                Ut enim ad minim veniam, 
              </span>
            </u>
          </span>
          <span
            data-slate-node="text"
          >
            <del
              data-slate-leaf="true"
            >
              <span
                data-slate-string="true"
              >
                quis nostrud exercitation ullamco laboris nisi ut aliquip ex ea commodo consequat. 
              </span>
            </del>
          </span>
          <span
            data-slate-node="text"
          >
            <span
              data-slate-string="true"
            >
              Duis aute irure dolor in reprehenderit in voluptate velit esse cillum dolore eu fugiat nulla pariatur. 
            </span>
          </span>
          <span
            data-slate-node="text"
          >
            <span
              data-slate-string="true"
            >
              Excepteur sint occaecat cupidatat non proident, sunt in culpa qui officia deserunt mollit anim id est laborum.
            </span>
          </span>
        </p>
        <p
          class="MuiTypography-root MuiTypography-body1 MuiTypography-gutterBottom css-d3wcwz-MuiTypography-root"
          data-slate-node="element"
        >
          <span
            data-slate-node="text"
          >
            <span
              data-slate-string="true"
            >
              Lorem ipsum dolor sit amet, 
            </span>
          </span>
          <span
            data-slate-node="text"
          >
            <strong
              data-slate-leaf="true"
            >
              <span
                data-slate-string="true"
              >
                consectetur adipiscing elit, 
              </span>
            </strong>
          </span>
          <span
            data-slate-node="text"
          >
            <em
              data-slate-leaf="true"
            >
              <span
                data-slate-string="true"
              >
                sed do eiusmod tempor incididunt ut labore et dolore magna aliqua. 
              </span>
            </em>
          </span>
          <span
            data-slate-node="text"
          >
            <u
              data-slate-leaf="true"
            >
              <span
                data-slate-string="true"
              >
                Ut enim ad minim veniam, 
              </span>
            </u>
          </span>
          <span
            data-slate-node="text"
          >
            <del
              data-slate-leaf="true"
            >
              <span
                data-slate-string="true"
              >
                quis nostrud exercitation ullamco laboris nisi ut aliquip ex ea commodo consequat. 
              </span>
            </del>
          </span>
          <span
            data-slate-node="text"
          >
            <span
              data-slate-string="true"
            >
              Duis aute irure dolor in reprehenderit in voluptate velit esse cillum dolore eu fugiat nulla pariatur. 
            </span>
          </span>
          <span
            data-slate-node="text"
          >
            <span
              data-slate-string="true"
            >
              Excepteur sint occaecat cupidatat non proident, sunt in culpa qui officia deserunt mollit anim id est laborum.
            </span>
          </span>
        </p>
        <p
          class="MuiTypography-root MuiTypography-body1 MuiTypography-gutterBottom css-d3wcwz-MuiTypography-root"
          data-slate-node="element"
        >
          <span
            data-slate-node="text"
          >
            <span
              data-slate-string="true"
            >
              Lorem ipsum dolor sit amet, 
            </span>
          </span>
          <span
            data-slate-node="text"
          >
            <strong
              data-slate-leaf="true"
            >
              <span
                data-slate-string="true"
              >
                consectetur adipiscing elit, 
              </span>
            </strong>
          </span>
          <span
            data-slate-node="text"
          >
            <em
              data-slate-leaf="true"
            >
              <span
                data-slate-string="true"
              >
                sed do eiusmod tempor incididunt ut labore et dolore magna aliqua. 
              </span>
            </em>
          </span>
          <span
            data-slate-node="text"
          >
            <u
              data-slate-leaf="true"
            >
              <span
                data-slate-string="true"
              >
                Ut enim ad minim veniam, 
              </span>
            </u>
          </span>
          <span
            data-slate-node="text"
          >
            <del
              data-slate-leaf="true"
            >
              <span
                data-slate-string="true"
              >
                quis nostrud exercitation ullamco laboris nisi ut aliquip ex ea commodo consequat. 
              </span>
            </del>
          </span>
          <span
            data-slate-node="text"
          >
            <span
              data-slate-string="true"
            >
              Duis aute irure dolor in reprehenderit in voluptate velit esse cillum dolore eu fugiat nulla pariatur. 
            </span>
          </span>
          <span
            data-slate-node="text"
          >
            <span
              data-slate-string="true"
            >
              Excepteur sint occaecat cupidatat non proident, sunt in culpa qui officia deserunt mollit anim id est laborum.
            </span>
          </span>
        </p>
        <p
          class="MuiTypography-root MuiTypography-body1 MuiTypography-gutterBottom css-d3wcwz-MuiTypography-root"
          data-slate-node="element"
        >
          <span
            data-slate-node="text"
          >
            <span
              data-slate-string="true"
            >
              Lorem ipsum dolor sit amet, 
            </span>
          </span>
          <span
            data-slate-node="text"
          >
            <strong
              data-slate-leaf="true"
            >
              <span
                data-slate-string="true"
              >
                consectetur adipiscing elit, 
              </span>
            </strong>
          </span>
          <span
            data-slate-node="text"
          >
            <em
              data-slate-leaf="true"
            >
              <span
                data-slate-string="true"
              >
                sed do eiusmod tempor incididunt ut labore et dolore magna aliqua. 
              </span>
            </em>
          </span>
          <span
            data-slate-node="text"
          >
            <u
              data-slate-leaf="true"
            >
              <span
                data-slate-string="true"
              >
                Ut enim ad minim veniam, 
              </span>
            </u>
          </span>
          <span
            data-slate-node="text"
          >
            <del
              data-slate-leaf="true"
            >
              <span
                data-slate-string="true"
              >
                quis nostrud exercitation ullamco laboris nisi ut aliquip ex ea commodo consequat. 
              </span>
            </del>
          </span>
          <span
            data-slate-node="text"
          >
            <span
              data-slate-string="true"
            >
              Duis aute irure dolor in reprehenderit in voluptate velit esse cillum dolore eu fugiat nulla pariatur. 
            </span>
          </span>
          <span
            data-slate-node="text"
          >
            <span
              data-slate-string="true"
            >
              Excepteur sint occaecat cupidatat non proident, sunt in culpa qui officia deserunt mollit anim id est laborum.
            </span>
          </span>
        </p>
      </div>
    </div>
  </div>
</DocumentFragment>
`;

exports[`Event Container should render WithEmotion 1`] = `
<DocumentFragment>
  <div
    class="css-sxg9br"
  >
    <img
      alt="DSC07717"
      class="css-1qnf57e"
      height="6000"
      srcset="https://unsplash.it/800/400 800w,
https://unsplash.it/500/300 500w,
https://unsplash.it/300/200 300w,
https://unsplash.it/200/100 200w"
      title=""
      width="4000"
    />
    <div
      class="css-64g2ef"
    >
      <div
        class="css-whbs21"
      >
        <div
          class="css-1vfcp9h"
        >
          <svg
            fill="currentColor"
            height="1em"
            stroke="currentColor"
            stroke-width="0"
            viewBox="0 0 24 24"
            width="1em"
            xmlns="http://www.w3.org/2000/svg"
          >
            <path
              d="M0 0h24v24H0z"
              fill="none"
            />
            <path
              d="M9 11H7v2h2v-2zm4 0h-2v2h2v-2zm4 0h-2v2h2v-2zm2-7h-1V2h-2v2H8V2H6v2H5c-1.11 0-1.99.9-1.99 2L3 20a2 2 0 002 2h14c1.1 0 2-.9 2-2V6c0-1.1-.9-2-2-2zm0 16H5V9h14v11z"
            />
          </svg>
          24.02.2023 09:00
        </div>
        <span>
          â€“
        </span>
         25.02.2023 07:30
      </div>
      <div
        class="css-whbs21"
      >
        <svg
          fill="currentColor"
          height="1em"
          stroke="currentColor"
          stroke-width="0"
          viewBox="0 0 24 24"
          width="1em"
          xmlns="http://www.w3.org/2000/svg"
        >
          <path
            d="M0 0h24v24H0z"
            fill="none"
          />
          <path
            d="M15 11V5l-3-3-3 3v2H3v14h18V11h-6zm-8 8H5v-2h2v2zm0-4H5v-2h2v2zm0-4H5V9h2v2zm6 8h-2v-2h2v2zm0-4h-2v-2h2v2zm0-4h-2V9h2v2zm0-4h-2V5h2v2zm6 12h-2v-2h2v2zm0-4h-2v-2h2v2z"
          />
        </svg>
         Basel
      </div>
    </div>
    <div
      class="css-1glohcq"
    >
      <h1
        class="MuiTypography-root MuiTypography-h3 css-gepadz-MuiTypography-root"
      >
        Cool concert
      </h1>
    </div>
    <div
      class="css-0"
    >
      <div
        data-gramm="false"
        data-slate-editor="true"
        data-slate-node="value"
        style="outline: none; white-space: pre-wrap; word-wrap: break-word;"
      >
        <p
          class="MuiTypography-root MuiTypography-body1 MuiTypography-gutterBottom css-d3wcwz-MuiTypography-root"
          data-slate-node="element"
        >
          <span
            data-slate-node="text"
          >
            <span
              data-slate-string="true"
            >
              Lorem ipsum dolor sit amet, 
            </span>
          </span>
          <span
            data-slate-node="text"
          >
            <strong
              data-slate-leaf="true"
            >
              <span
                data-slate-string="true"
              >
                consectetur adipiscing elit, 
              </span>
            </strong>
          </span>
          <span
            data-slate-node="text"
          >
            <em
              data-slate-leaf="true"
            >
              <span
                data-slate-string="true"
              >
                sed do eiusmod tempor incididunt ut labore et dolore magna aliqua. 
              </span>
            </em>
          </span>
          <span
            data-slate-node="text"
          >
            <u
              data-slate-leaf="true"
            >
              <span
                data-slate-string="true"
              >
                Ut enim ad minim veniam, 
              </span>
            </u>
          </span>
          <span
            data-slate-node="text"
          >
            <del
              data-slate-leaf="true"
            >
              <span
                data-slate-string="true"
              >
                quis nostrud exercitation ullamco laboris nisi ut aliquip ex ea commodo consequat. 
              </span>
            </del>
          </span>
          <span
            data-slate-node="text"
          >
            <span
              data-slate-string="true"
            >
              Duis aute irure dolor in reprehenderit in voluptate velit esse cillum dolore eu fugiat nulla pariatur. 
            </span>
          </span>
          <span
            data-slate-node="text"
          >
            <span
              data-slate-string="true"
            >
              Excepteur sint occaecat cupidatat non proident, sunt in culpa qui officia deserunt mollit anim id est laborum.
            </span>
          </span>
        </p>
        <p
          class="MuiTypography-root MuiTypography-body1 MuiTypography-gutterBottom css-d3wcwz-MuiTypography-root"
          data-slate-node="element"
        >
          <span
            data-slate-node="text"
          >
            <span
              data-slate-string="true"
            >
              Lorem ipsum dolor sit amet, 
            </span>
          </span>
          <span
            data-slate-node="text"
          >
            <strong
              data-slate-leaf="true"
            >
              <span
                data-slate-string="true"
              >
                consectetur adipiscing elit, 
              </span>
            </strong>
          </span>
          <span
            data-slate-node="text"
          >
            <em
              data-slate-leaf="true"
            >
              <span
                data-slate-string="true"
              >
                sed do eiusmod tempor incididunt ut labore et dolore magna aliqua. 
              </span>
            </em>
          </span>
          <span
            data-slate-node="text"
          >
            <u
              data-slate-leaf="true"
            >
              <span
                data-slate-string="true"
              >
                Ut enim ad minim veniam, 
              </span>
            </u>
          </span>
          <span
            data-slate-node="text"
          >
            <del
              data-slate-leaf="true"
            >
              <span
                data-slate-string="true"
              >
                quis nostrud exercitation ullamco laboris nisi ut aliquip ex ea commodo consequat. 
              </span>
            </del>
          </span>
          <span
            data-slate-node="text"
          >
            <span
              data-slate-string="true"
            >
              Duis aute irure dolor in reprehenderit in voluptate velit esse cillum dolore eu fugiat nulla pariatur. 
            </span>
          </span>
          <span
            data-slate-node="text"
          >
            <span
              data-slate-string="true"
            >
              Excepteur sint occaecat cupidatat non proident, sunt in culpa qui officia deserunt mollit anim id est laborum.
            </span>
          </span>
        </p>
        <p
          class="MuiTypography-root MuiTypography-body1 MuiTypography-gutterBottom css-d3wcwz-MuiTypography-root"
          data-slate-node="element"
        >
          <span
            data-slate-node="text"
          >
            <span
              data-slate-string="true"
            >
              Lorem ipsum dolor sit amet, 
            </span>
          </span>
          <span
            data-slate-node="text"
          >
            <strong
              data-slate-leaf="true"
            >
              <span
                data-slate-string="true"
              >
                consectetur adipiscing elit, 
              </span>
            </strong>
          </span>
          <span
            data-slate-node="text"
          >
            <em
              data-slate-leaf="true"
            >
              <span
                data-slate-string="true"
              >
                sed do eiusmod tempor incididunt ut labore et dolore magna aliqua. 
              </span>
            </em>
          </span>
          <span
            data-slate-node="text"
          >
            <u
              data-slate-leaf="true"
            >
              <span
                data-slate-string="true"
              >
                Ut enim ad minim veniam, 
              </span>
            </u>
          </span>
          <span
            data-slate-node="text"
          >
            <del
              data-slate-leaf="true"
            >
              <span
                data-slate-string="true"
              >
                quis nostrud exercitation ullamco laboris nisi ut aliquip ex ea commodo consequat. 
              </span>
            </del>
          </span>
          <span
            data-slate-node="text"
          >
            <span
              data-slate-string="true"
            >
              Duis aute irure dolor in reprehenderit in voluptate velit esse cillum dolore eu fugiat nulla pariatur. 
            </span>
          </span>
          <span
            data-slate-node="text"
          >
            <span
              data-slate-string="true"
            >
              Excepteur sint occaecat cupidatat non proident, sunt in culpa qui officia deserunt mollit anim id est laborum.
            </span>
          </span>
        </p>
        <p
          class="MuiTypography-root MuiTypography-body1 MuiTypography-gutterBottom css-d3wcwz-MuiTypography-root"
          data-slate-node="element"
        >
          <span
            data-slate-node="text"
          >
            <span
              data-slate-string="true"
            >
              Lorem ipsum dolor sit amet, 
            </span>
          </span>
          <span
            data-slate-node="text"
          >
            <strong
              data-slate-leaf="true"
            >
              <span
                data-slate-string="true"
              >
                consectetur adipiscing elit, 
              </span>
            </strong>
          </span>
          <span
            data-slate-node="text"
          >
            <em
              data-slate-leaf="true"
            >
              <span
                data-slate-string="true"
              >
                sed do eiusmod tempor incididunt ut labore et dolore magna aliqua. 
              </span>
            </em>
          </span>
          <span
            data-slate-node="text"
          >
            <u
              data-slate-leaf="true"
            >
              <span
                data-slate-string="true"
              >
                Ut enim ad minim veniam, 
              </span>
            </u>
          </span>
          <span
            data-slate-node="text"
          >
            <del
              data-slate-leaf="true"
            >
              <span
                data-slate-string="true"
              >
                quis nostrud exercitation ullamco laboris nisi ut aliquip ex ea commodo consequat. 
              </span>
            </del>
          </span>
          <span
            data-slate-node="text"
          >
            <span
              data-slate-string="true"
            >
              Duis aute irure dolor in reprehenderit in voluptate velit esse cillum dolore eu fugiat nulla pariatur. 
            </span>
          </span>
          <span
            data-slate-node="text"
          >
            <span
              data-slate-string="true"
            >
              Excepteur sint occaecat cupidatat non proident, sunt in culpa qui officia deserunt mollit anim id est laborum.
            </span>
          </span>
        </p>
      </div>
    </div>
  </div>
</DocumentFragment>
`;
