// Jest Snapshot v1, https://goo.gl/fbAQLP

exports[`Subscribe should render Default 1`] = `
<DocumentFragment>
  <div
    class="css-bdz642"
  >
    <h1>
      Welcome to Subscribe!
    </h1>
  </div>
</DocumentFragment>
`;
