// Jest Snapshot v1, https://goo.gl/fbAQLP

exports[`slugify should transform     text starting with spaces correctly 1`] = `"text-starting-with-spaces"`;

exports[`slugify should transform - text starting with a dash correctly 1`] = `"text-starting-with-a-dash"`;

exports[`slugify should transform special a like ÀÁÂÃÄÅÆĀĂĄẠẢẤẦẨẪẬẮẰẲẴẶ correctly 1`] = `"special-a-like-aaaaaeaaaaaaaaaaaaaaaaa"`;

exports[`slugify should transform special c like ÇĆĈČ correctly 1`] = `"special-c-like-cccc"`;

exports[`slugify should transform special d like ÐĎĐÞ correctly 1`] = `"special-d-like-dddd"`;

exports[`slugify should transform special e like ÈÉÊËĒĔĖĘĚẸẺẼẾỀỂỄỆ correctly 1`] = `"special-e-like-eeeeeeeeeeeeeeeee"`;

exports[`slugify should transform special g like ĜĞĢǴ correctly 1`] = `"special-g-like-gggg"`;

exports[`slugify should transform special h like ĤḦ correctly 1`] = `"special-h-like-hh"`;

exports[`slugify should transform special i like ÌÍÎÏĨĪĮİỈỊ correctly 1`] = `"special-i-like-iiiiiiiiii"`;

exports[`slugify should transform special ij like Ĳ correctly 1`] = `"special-ij-like-ij"`;

exports[`slugify should transform special j like Ĵ correctly 1`] = `"special-j-like-j"`;

exports[`slugify should transform special k like Ķ correctly 1`] = `"special-k-like-k"`;

exports[`slugify should transform special l like ĹĻĽŁ correctly 1`] = `"special-l-like-llll"`;

exports[`slugify should transform special m like Ḿ correctly 1`] = `"special-m-like-m"`;

exports[`slugify should transform special n like ÑŃŅŇ correctly 1`] = `"special-n-like-nnnn"`;

exports[`slugify should transform special o like ÒÓÔÕØŌŎŐỌỎỐỒỔỖỘỚỜỞỠỢǪǬƠ correctly 1`] = `"special-o-like-ooooooooooooooooooooooo"`;

exports[`slugify should transform special oe like Œ correctly 1`] = `"special-oe-like-oe"`;

exports[`slugify should transform special p like ṕ correctly 1`] = `"special-p-like-p"`;

exports[`slugify should transform special r like ŔŖŘ correctly 1`] = `"special-r-like-rrr"`;

exports[`slugify should transform special s like ŚŜŞŠ correctly 1`] = `"special-s-like-ssss"`;

exports[`slugify should transform special ss like ß correctly 1`] = `"special-ss-like-ss"`;

exports[`slugify should transform special t like ŢŤ correctly 1`] = `"special-t-like-tt"`;

exports[`slugify should transform special u like ÙÚÛŨŪŬŮŰŲỤỦỨỪỬỮỰƯ correctly 1`] = `"special-u-like-uuuuuuuuuuuuuuuuu"`;

exports[`slugify should transform special w like ẂŴẀẄ correctly 1`] = `"special-w-like-wwww"`;

exports[`slugify should transform special x like ẍ correctly 1`] = `"special-x-like-x"`;

exports[`slugify should transform special y like ÝŶŸỲỴỶỸ correctly 1`] = `"special-y-like-yyyyyyy"`;

exports[`slugify should transform special z like ŹŻŽ correctly 1`] = `"special-z-like-zzz"`;

exports[`slugify should transform text ending with a dash - correctly 1`] = `"text-ending-with-a-dash"`;

exports[`slugify should transform text with UPPERCASE correctly 1`] = `"text-with-uppercase"`;

exports[`slugify should transform text with double -- dashes  correctly 1`] = `"text-with-double-dashes"`;

exports[`slugify should transform text with hyphenized-words correctly 1`] = `"text-with-hyphenized-words"`;

exports[`slugify should transform text with multiple ------------- dashes correctly 1`] = `"text-with-multiple-dashes"`;

exports[`slugify should transform text with spaces correctly 1`] = `"text-with-spaces"`;

exports[`slugify should transform text with special characters like ·/_,:;\\ correctly 1`] = `"text-with-special-characters-like"`;

exports[`slugify should transform umlaute like ä ö and ü correctly 1`] = `"umlaute-like-ae-oe-and-ue"`;
