// Jest Snapshot v1, https://goo.gl/fbAQLP

exports[`TextToIcon should render Default 1`] = `
<DocumentFragment>
  <div
    class="MuiStack-root emotion-0"
  >
    <span>
      <svg
        fill="currentColor"
        height="22"
        stroke="currentColor"
        stroke-width="0"
        viewBox="0 0 512 512"
        width="22"
        xmlns="http://www.w3.org/2000/svg"
      >
        <path
          d="M389.2 48h70.6L305.6 224.2 487 464H345L233.7 318.6 106.5 464H35.8L200.7 275.5 26.8 48H172.4L272.9 180.9 389.2 48zM364.4 421.8h39.1L151.1 88h-42L364.4 421.8z"
        />
      </svg>
       x 
    </span>
    <span>
      <svg
        fill="currentColor"
        height="22"
        stroke="currentColor"
        stroke-width="0"
        viewBox="0 0 448 512"
        width="22"
        xmlns="http://www.w3.org/2000/svg"
      >
        <path
          d="M448,209.91a210.06,210.06,0,0,1-122.77-39.25V349.38A162.55,162.55,0,1,1,185,188.31V278.2a74.62,74.62,0,1,0,52.23,71.18V0l88,0a121.18,121.18,0,0,0,1.86,22.17h0A122.18,122.18,0,0,0,381,102.39a121.43,121.43,0,0,0,67,20.14Z"
        />
      </svg>
       tiktok 
    </span>
    <span>
      <svg
        fill="currentColor"
        height="22"
        stroke="currentColor"
        stroke-width="0"
        viewBox="0 0 24 24"
        width="22"
        xmlns="http://www.w3.org/2000/svg"
      >
        <path
          d="M0 0h24v24H0z"
          fill="none"
        />
        <path
          d="M22 12c0-5.52-4.48-10-10-10S2 6.48 2 12c0 4.84 3.44 8.87 8 9.8V15H8v-3h2V9.5C10 7.57 11.57 6 13.5 6H16v3h-2c-.55 0-1 .45-1 1v2h3v3h-3v6.95c5.05-.5 9-4.76 9-9.95z"
        />
      </svg>
       facebook 
    </span>
    <span>
      <svg
        fill="currentColor"
        height="22"
        stroke="currentColor"
        stroke-width="0"
        viewBox="0 0 448 512"
        width="22"
        xmlns="http://www.w3.org/2000/svg"
      >
        <path
          d="M224.1 141c-63.6 0-114.9 51.3-114.9 114.9s51.3 114.9 114.9 114.9S339 319.5 339 255.9 287.7 141 224.1 141zm0 189.6c-41.1 0-74.7-33.5-74.7-74.7s33.5-74.7 74.7-74.7 74.7 33.5 74.7 74.7-33.6 74.7-74.7 74.7zm146.4-194.3c0 14.9-12 26.8-26.8 26.8-14.9 0-26.8-12-26.8-26.8s12-26.8 26.8-26.8 26.8 12 26.8 26.8zm76.1 27.2c-1.7-35.9-9.9-67.7-36.2-93.9-26.2-26.2-58-34.4-93.9-36.2-37-2.1-147.9-2.1-184.9 0-35.8 1.7-67.6 9.9-93.9 36.1s-34.4 58-36.2 93.9c-2.1 37-2.1 147.9 0 184.9 1.7 35.9 9.9 67.7 36.2 93.9s58 34.4 93.9 36.2c37 2.1 147.9 2.1 184.9 0 35.9-1.7 67.7-9.9 93.9-36.2 26.2-26.2 34.4-58 36.2-93.9 2.1-37 2.1-147.8 0-184.8zM398.8 388c-7.8 19.6-22.9 34.7-42.6 42.6-29.5 11.7-99.5 9-132.1 9s-102.7 2.6-132.1-9c-19.6-7.8-34.7-22.9-42.6-42.6-11.7-29.5-9-99.5-9-132.1s-2.6-102.7 9-132.1c7.8-19.6 22.9-34.7 42.6-42.6 29.5-11.7 99.5-9 132.1-9s102.7-2.6 132.1 9c19.6 7.8 34.7 22.9 42.6 42.6 11.7 29.5 9 99.5 9 132.1s2.7 102.7-9 132.1z"
        />
      </svg>
       instagram 
    </span>
    <span>
      <svg
        fill="currentColor"
        height="22"
        stroke="currentColor"
        stroke-width="0"
        viewBox="0 0 448 512"
        width="22"
        xmlns="http://www.w3.org/2000/svg"
      >
        <path
          d="M416 32H31.9C14.3 32 0 46.5 0 64.3v383.4C0 465.5 14.3 480 31.9 480H416c17.6 0 32-14.5 32-32.3V64.3c0-17.8-14.4-32.3-32-32.3zM135.4 416H69V202.2h66.5V416zm-33.2-243c-21.3 0-38.5-17.3-38.5-38.5S80.9 96 102.2 96c21.2 0 38.5 17.3 38.5 38.5 0 21.3-17.2 38.5-38.5 38.5zm282.1 243h-66.4V312c0-24.8-.5-56.7-34.5-56.7-34.6 0-39.9 27-39.9 54.9V416h-66.4V202.2h63.7v29.2h.9c8.9-16.8 30.6-34.5 62.9-34.5 67.2 0 79.7 44.3 79.7 101.9V416z"
        />
      </svg>
       linkedin 
    </span>
    <span>
      <svg
        fill="currentColor"
        height="22"
        stroke="currentColor"
        stroke-width="0"
        viewBox="0 0 576 512"
        width="22"
        xmlns="http://www.w3.org/2000/svg"
      >
        <path
          d="M407.8 294.7c-3.3-.4-6.7-.8-10-1.3c3.4 .4 6.7 .9 10 1.3zM288 227.1C261.9 176.4 190.9 81.9 124.9 35.3C61.6-9.4 37.5-1.7 21.6 5.5C3.3 13.8 0 41.9 0 58.4S9.1 194 15 213.9c19.5 65.7 89.1 87.9 153.2 80.7c3.3-.5 6.6-.9 10-1.4c-3.3 .5-6.6 1-10 1.4C74.3 308.6-9.1 342.8 100.3 464.5C220.6 589.1 265.1 437.8 288 361.1c22.9 76.7 49.2 222.5 185.6 103.4c102.4-103.4 28.1-156-65.8-169.9c-3.3-.4-6.7-.8-10-1.3c3.4 .4 6.7 .9 10 1.3c64.1 7.1 133.6-15.1 153.2-80.7C566.9 194 576 75 576 58.4s-3.3-44.7-21.6-52.9c-15.8-7.1-40-14.9-103.2 29.8C385.1 81.9 314.1 176.4 288 227.1z"
        />
      </svg>
       bluesky 
    </span>
    <span>
      <svg
        fill="currentColor"
        height="22"
        stroke="currentColor"
        stroke-width="0"
        viewBox="0 0 512 512"
        width="22"
        xmlns="http://www.w3.org/2000/svg"
      >
        <path
          d="M0 256C0 114.6 114.6 0 256 0S512 114.6 512 256s-114.6 256-256 256L37.1 512c-13.7 0-20.5-16.5-10.9-26.2L75 437C28.7 390.7 0 326.7 0 256zM349.6 153.6c23.6 0 42.7-19.1 42.7-42.7s-19.1-42.7-42.7-42.7c-20.6 0-37.8 14.6-41.8 34c-34.5 3.7-61.4 33-61.4 68.4l0 .2c-37.5 1.6-71.8 12.3-99 29.1c-10.1-7.8-22.8-12.5-36.5-12.5c-33 0-59.8 26.8-59.8 59.8c0 24 14.1 44.6 34.4 54.1c2 69.4 77.6 125.2 170.6 125.2s168.7-55.9 170.6-125.3c20.2-9.6 34.1-30.2 34.1-54c0-33-26.8-59.8-59.8-59.8c-13.7 0-26.3 4.6-36.4 12.4c-27.4-17-62.1-27.7-100-29.1l0-.2c0-25.4 18.9-46.5 43.4-49.9l0 0c4.4 18.8 21.3 32.8 41.5 32.8zM177.1 246.9c16.7 0 29.5 17.6 28.5 39.3s-13.5 29.6-30.3 29.6s-31.4-8.8-30.4-30.5s15.4-38.3 32.1-38.3zm190.1 38.3c1 21.7-13.7 30.5-30.4 30.5s-29.3-7.9-30.3-29.6c-1-21.7 11.8-39.3 28.5-39.3s31.2 16.6 32.1 38.3zm-48.1 56.7c-10.3 24.6-34.6 41.9-63 41.9s-52.7-17.3-63-41.9c-1.2-2.9 .8-6.2 3.9-6.5c18.4-1.9 38.3-2.9 59.1-2.9s40.7 1 59.1 2.9c3.1 .3 5.1 3.6 3.9 6.5z"
        />
      </svg>
       github 
    </span>
    <span>
      <svg
        fill="currentColor"
        height="22"
        stroke="currentColor"
        stroke-width="0"
        viewBox="0 0 512 512"
        width="22"
        xmlns="http://www.w3.org/2000/svg"
      >
        <path
          d="M0 256C0 114.6 114.6 0 256 0S512 114.6 512 256s-114.6 256-256 256L37.1 512c-13.7 0-20.5-16.5-10.9-26.2L75 437C28.7 390.7 0 326.7 0 256zM349.6 153.6c23.6 0 42.7-19.1 42.7-42.7s-19.1-42.7-42.7-42.7c-20.6 0-37.8 14.6-41.8 34c-34.5 3.7-61.4 33-61.4 68.4l0 .2c-37.5 1.6-71.8 12.3-99 29.1c-10.1-7.8-22.8-12.5-36.5-12.5c-33 0-59.8 26.8-59.8 59.8c0 24 14.1 44.6 34.4 54.1c2 69.4 77.6 125.2 170.6 125.2s168.7-55.9 170.6-125.3c20.2-9.6 34.1-30.2 34.1-54c0-33-26.8-59.8-59.8-59.8c-13.7 0-26.3 4.6-36.4 12.4c-27.4-17-62.1-27.7-100-29.1l0-.2c0-25.4 18.9-46.5 43.4-49.9l0 0c4.4 18.8 21.3 32.8 41.5 32.8zM177.1 246.9c16.7 0 29.5 17.6 28.5 39.3s-13.5 29.6-30.3 29.6s-31.4-8.8-30.4-30.5s15.4-38.3 32.1-38.3zm190.1 38.3c1 21.7-13.7 30.5-30.4 30.5s-29.3-7.9-30.3-29.6c-1-21.7 11.8-39.3 28.5-39.3s31.2 16.6 32.1 38.3zm-48.1 56.7c-10.3 24.6-34.6 41.9-63 41.9s-52.7-17.3-63-41.9c-1.2-2.9 .8-6.2 3.9-6.5c18.4-1.9 38.3-2.9 59.1-2.9s40.7 1 59.1 2.9c3.1 .3 5.1 3.6 3.9 6.5z"
        />
      </svg>
       reddit 
    </span>
    <span>
      <svg
        fill="currentColor"
        height="22"
        stroke="currentColor"
        stroke-width="0"
        viewBox="0 0 496 512"
        width="22"
        xmlns="http://www.w3.org/2000/svg"
      >
        <path
          d="M248 8C111.1 8 0 119.1 0 256s111.1 248 248 248 248-111.1 248-248S384.9 8 248 8zm100.7 364.9c-4.2 0-6.8-1.3-10.7-3.6-62.4-37.6-135-39.2-206.7-24.5-3.9 1-9 2.6-11.9 2.6-9.7 0-15.8-7.7-15.8-15.8 0-10.3 6.1-15.2 13.6-16.8 81.9-18.1 165.6-16.5 237 26.2 6.1 3.9 9.7 7.4 9.7 16.5s-7.1 15.4-15.2 15.4zm26.9-65.6c-5.2 0-8.7-2.3-12.3-4.2-62.5-37-155.7-51.9-238.6-29.4-4.8 1.3-7.4 2.6-11.9 2.6-10.7 0-19.4-8.7-19.4-19.4s5.2-17.8 15.5-20.7c27.8-7.8 56.2-13.6 97.8-13.6 64.9 0 127.6 16.1 177 45.5 8.1 4.8 11.3 11 11.3 19.7-.1 10.8-8.5 19.5-19.4 19.5zm31-76.2c-5.2 0-8.4-1.3-12.9-3.9-71.2-42.5-198.5-52.7-280.9-29.7-3.6 1-8.1 2.6-12.9 2.6-13.2 0-23.3-10.3-23.3-23.6 0-13.6 8.4-21.3 17.4-23.9 35.2-10.3 74.6-15.2 117.5-15.2 73 0 149.5 15.2 205.4 47.8 7.8 4.5 12.9 10.7 12.9 22.6 0 13.6-11 23.3-23.2 23.3z"
        />
      </svg>
       spotify 
    </span>
    <span>
      <svg
        fill="currentColor"
        height="22"
        stroke="currentColor"
        stroke-width="0"
        viewBox="0 0 448 512"
        width="22"
        xmlns="http://www.w3.org/2000/svg"
      >
        <path
          d="M257.2 162.7c-48.7 1.8-169.5 15.5-169.5 117.5 0 109.5 138.3 114 183.5 43.2 6.5 10.2 35.4 37.5 45.3 46.8l56.8-56S341 288.9 341 261.4V114.3C341 89 316.5 32 228.7 32 140.7 32 94 87 94 136.3l73.5 6.8c16.3-49.5 54.2-49.5 54.2-49.5 40.7-.1 35.5 29.8 35.5 69.1zm0 86.8c0 80-84.2 68-84.2 17.2 0-47.2 50.5-56.7 84.2-57.8v40.6zm136 163.5c-7.7 10-70 67-174.5 67S34.2 408.5 9.7 379c-6.8-7.7 1-11.3 5.5-8.3C88.5 415.2 203 488.5 387.7 401c7.5-3.7 13.3 2 5.5 12zm39.8 2.2c-6.5 15.8-16 26.8-21.2 31-5.5 4.5-9.5 2.7-6.5-3.8s19.3-46.5 12.7-55c-6.5-8.3-37-4.3-48-3.2-10.8 1-13 2-14-.3-2.3-5.7 21.7-15.5 37.5-17.5 15.7-1.8 41-.8 46 5.7 3.7 5.1 0 27.1-6.5 43.1z"
        />
      </svg>
       amazon 
    </span>
    <span>
      <svg
        fill="currentColor"
        height="22"
        stroke="currentColor"
        stroke-width="0"
        viewBox="0 0 448 512"
        width="22"
        xmlns="http://www.w3.org/2000/svg"
      >
        <path
          d="M403.2 32H44.8C20.1 32 0 52.1 0 76.8v358.4C0 459.9 20.1 480 44.8 480h358.4c24.7 0 44.8-20.1 44.8-44.8V76.8c0-24.7-20.1-44.8-44.8-44.8zM377 180.8c-1.4 31.5-23.4 74.7-66 129.4-44 57.2-81.3 85.8-111.7 85.8-18.9 0-34.8-17.4-47.9-52.3-25.5-93.3-36.4-148-57.4-148-2.4 0-10.9 5.1-25.4 15.2l-15.2-19.6c37.3-32.8 72.9-69.2 95.2-71.2 25.2-2.4 40.7 14.8 46.5 51.7 20.7 131.2 29.9 151 67.6 91.6 13.5-21.4 20.8-37.7 21.8-48.9 3.5-33.2-25.9-30.9-45.8-22.4 15.9-52.1 46.3-77.4 91.2-76 33.3.9 49 22.5 47.1 64.7z"
        />
      </svg>
       vimeo 
    </span>
    <span>
      <svg
        fill="currentColor"
        height="22"
        stroke="currentColor"
        stroke-width="0"
        viewBox="0 0 640 512"
        width="22"
        xmlns="http://www.w3.org/2000/svg"
      >
        <path
          d="M524.531,69.836a1.5,1.5,0,0,0-.764-.7A485.065,485.065,0,0,0,404.081,32.03a1.816,1.816,0,0,0-1.923.91,337.461,337.461,0,0,0-14.9,30.6,447.848,447.848,0,0,0-134.426,0,309.541,309.541,0,0,0-15.135-30.6,1.89,1.89,0,0,0-1.924-.91A483.689,483.689,0,0,0,116.085,69.137a1.712,1.712,0,0,0-.788.676C39.068,183.651,18.186,294.69,28.43,404.354a2.016,2.016,0,0,0,.765,1.375A487.666,487.666,0,0,0,176.02,479.918a1.9,1.9,0,0,0,2.063-.676A348.2,348.2,0,0,0,208.12,430.4a1.86,1.86,0,0,0-1.019-2.588,321.173,321.173,0,0,1-45.868-21.853,1.885,1.885,0,0,1-.185-3.126c3.082-2.309,6.166-4.711,9.109-7.137a1.819,1.819,0,0,1,1.9-.256c96.229,43.917,200.41,43.917,295.5,0a1.812,1.812,0,0,1,1.924.233c2.944,2.426,6.027,4.851,9.132,7.16a1.884,1.884,0,0,1-.162,3.126,301.407,301.407,0,0,1-45.89,21.83,1.875,1.875,0,0,0-1,2.611,391.055,391.055,0,0,0,30.014,48.815,1.864,1.864,0,0,0,2.063.7A486.048,486.048,0,0,0,610.7,405.729a1.882,1.882,0,0,0,.765-1.352C623.729,277.594,590.933,167.465,524.531,69.836ZM222.491,337.58c-28.972,0-52.844-26.587-52.844-59.239S193.056,219.1,222.491,219.1c29.665,0,53.306,26.82,52.843,59.239C275.334,310.993,251.924,337.58,222.491,337.58Zm195.38,0c-28.971,0-52.843-26.587-52.843-59.239S388.437,219.1,417.871,219.1c29.667,0,53.307,26.82,52.844,59.239C470.715,310.993,447.538,337.58,417.871,337.58Z"
        />
      </svg>
       discord 
    </span>
    <span>
      <svg
        fill="currentColor"
        height="22"
        stroke="currentColor"
        stroke-width="0"
        viewBox="0 0 384 512"
        width="22"
        xmlns="http://www.w3.org/2000/svg"
      >
        <path
          d="M158.4 0L7 292h89.2l62.2-116.1L220.1 292h88.5zm150.2 292l-43.9 88.2-44.6-88.2h-67.6l112.2 220 111.5-220z"
        />
      </svg>
       strava 
    </span>
    <span>
      <svg
        fill="currentColor"
        height="22"
        stroke="currentColor"
        stroke-width="0"
        viewBox="0 0 24 24"
        width="22"
        xmlns="http://www.w3.org/2000/svg"
      >
        <path
          d="M0 0h24v24H0z"
          fill="none"
        />
        <path
          d="M20 4H4c-1.1 0-1.99.9-1.99 2L2 18c0 1.1.9 2 2 2h16c1.1 0 2-.9 2-2V6c0-1.1-.9-2-2-2zm0 4-8 5-8-5V6l8 5 8-5v2z"
        />
      </svg>
       mail 
    </span>
    <span>
      <svg
        fill="currentColor"
        height="22"
        stroke="currentColor"
        stroke-width="0"
        viewBox="0 0 24 24"
        width="22"
        xmlns="http://www.w3.org/2000/svg"
      >
        <path
          d="M0 0h24v24H0z"
          fill="none"
        />
        <path
          d="M20 4H4c-1.1 0-1.99.9-1.99 2L2 18c0 1.1.9 2 2 2h16c1.1 0 2-.9 2-2V6c0-1.1-.9-2-2-2zm-5 14H4v-4h11v4zm0-5H4V9h11v4zm5 5h-4V9h4v9z"
        />
      </svg>
       website 
    </span>
    <span>
      <svg
        fill="currentColor"
        height="22"
        stroke="currentColor"
        stroke-width="0"
        viewBox="0 0 24 24"
        width="22"
        xmlns="http://www.w3.org/2000/svg"
      >
        <path
          d="M0 0h24v24H0z"
          fill="none"
        />
        <path
          d="M0 0h24v24H0z"
          fill="none"
        />
        <path
          d="M21 8V7l-3 2-3-2v1l3 2 3-2zm1-5H2C.9 3 0 3.9 0 5v14c0 1.1.9 2 2 2h20c1.1 0 1.99-.9 1.99-2L24 5c0-1.1-.9-2-2-2zM8 6c1.66 0 3 1.34 3 3s-1.34 3-3 3-3-1.34-3-3 1.34-3 3-3zm6 12H2v-1c0-2 4-3.1 6-3.1s6 1.1 6 3.1v1zm8-6h-8V6h8v6z"
        />
      </svg>
       trustj 
    </span>
    <span>
      <svg
        fill="currentColor"
        height="22"
        stroke="currentColor"
        stroke-width="0"
        viewBox="0 0 24 24"
        width="22"
        xmlns="http://www.w3.org/2000/svg"
      >
        <path
          d="M0 0h24v24H0z"
          fill="none"
        />
        <path
          d="M15.5 14h-.79l-.28-.27A6.471 6.471 0 0 0 16 9.5 6.5 6.5 0 1 0 9.5 16c1.61 0 3.09-.59 4.23-1.57l.27.28v.79l5 4.99L20.49 19l-4.99-5zm-6 0C7.01 14 5 11.99 5 9.5S7.01 5 9.5 5 14 7.01 14 9.5 11.99 14 9.5 14z"
        />
      </svg>
       search 
    </span>
  </div>
</DocumentFragment>
`;

exports[`TextToIcon should render ExtraSpellings 1`] = `
<DocumentFragment>
  <div
    class="MuiStack-root emotion-0"
  >
    <span>
      <svg
        fill="currentColor"
        height="22"
        stroke="currentColor"
        stroke-width="0"
        viewBox="0 0 512 512"
        width="22"
        xmlns="http://www.w3.org/2000/svg"
      >
        <path
          d="M389.2 48h70.6L305.6 224.2 487 464H345L233.7 318.6 106.5 464H35.8L200.7 275.5 26.8 48H172.4L272.9 180.9 389.2 48zM364.4 421.8h39.1L151.1 88h-42L364.4 421.8z"
        />
      </svg>
       x
    </span>
    <span>
      <svg
        fill="currentColor"
        height="22"
        stroke="currentColor"
        stroke-width="0"
        viewBox="0 0 512 512"
        width="22"
        xmlns="http://www.w3.org/2000/svg"
      >
        <path
          d="M389.2 48h70.6L305.6 224.2 487 464H345L233.7 318.6 106.5 464H35.8L200.7 275.5 26.8 48H172.4L272.9 180.9 389.2 48zM364.4 421.8h39.1L151.1 88h-42L364.4 421.8z"
        />
      </svg>
       twitter
    </span>
    <span>
      <svg
        fill="currentColor"
        height="22"
        stroke="currentColor"
        stroke-width="0"
        viewBox="0 0 24 24"
        width="22"
        xmlns="http://www.w3.org/2000/svg"
      >
        <path
          d="M0 0h24v24H0z"
          fill="none"
        />
        <path
          d="M20 4H4c-1.1 0-1.99.9-1.99 2L2 18c0 1.1.9 2 2 2h16c1.1 0 2-.9 2-2V6c0-1.1-.9-2-2-2zm0 4-8 5-8-5V6l8 5 8-5v2z"
        />
      </svg>
       mail
    </span>
    <span>
      <svg
        fill="currentColor"
        height="22"
        stroke="currentColor"
        stroke-width="0"
        viewBox="0 0 24 24"
        width="22"
        xmlns="http://www.w3.org/2000/svg"
      >
        <path
          d="M0 0h24v24H0z"
          fill="none"
        />
        <path
          d="M20 4H4c-1.1 0-1.99.9-1.99 2L2 18c0 1.1.9 2 2 2h16c1.1 0 2-.9 2-2V6c0-1.1-.9-2-2-2zm0 4-8 5-8-5V6l8 5 8-5v2z"
        />
      </svg>
       e-mail
    </span>
    <span>
      <svg
        fill="currentColor"
        height="22"
        stroke="currentColor"
        stroke-width="0"
        viewBox="0 0 24 24"
        width="22"
        xmlns="http://www.w3.org/2000/svg"
      >
        <path
          d="M0 0h24v24H0z"
          fill="none"
        />
        <path
          d="M20 4H4c-1.1 0-1.99.9-1.99 2L2 18c0 1.1.9 2 2 2h16c1.1 0 2-.9 2-2V6c0-1.1-.9-2-2-2zm0 4-8 5-8-5V6l8 5 8-5v2z"
        />
      </svg>
       email
    </span>
    <span>
      <svg
        fill="currentColor"
        height="22"
        stroke="currentColor"
        stroke-width="0"
        viewBox="0 0 24 24"
        width="22"
        xmlns="http://www.w3.org/2000/svg"
      >
        <path
          d="M0 0h24v24H0z"
          fill="none"
        />
        <path
          d="M0 0h24v24H0z"
          fill="none"
        />
        <path
          d="M21 8V7l-3 2-3-2v1l3 2 3-2zm1-5H2C.9 3 0 3.9 0 5v14c0 1.1.9 2 2 2h20c1.1 0 1.99-.9 1.99-2L24 5c0-1.1-.9-2-2-2zM8 6c1.66 0 3 1.34 3 3s-1.34 3-3 3-3-1.34-3-3 1.34-3 3-3zm6 12H2v-1c0-2 4-3.1 6-3.1s6 1.1 6 3.1v1zm8-6h-8V6h8v6z"
        />
      </svg>
       presseausweis
    </span>
    <span>
      <svg
        fill="currentColor"
        height="22"
        stroke="currentColor"
        stroke-width="0"
        viewBox="0 0 24 24"
        width="22"
        xmlns="http://www.w3.org/2000/svg"
      >
        <path
          d="M0 0h24v24H0z"
          fill="none"
        />
        <path
          d="M0 0h24v24H0z"
          fill="none"
        />
        <path
          d="M21 8V7l-3 2-3-2v1l3 2 3-2zm1-5H2C.9 3 0 3.9 0 5v14c0 1.1.9 2 2 2h20c1.1 0 1.99-.9 1.99-2L24 5c0-1.1-.9-2-2-2zM8 6c1.66 0 3 1.34 3 3s-1.34 3-3 3-3-1.34-3-3 1.34-3 3-3zm6 12H2v-1c0-2 4-3.1 6-3.1s6 1.1 6 3.1v1zm8-6h-8V6h8v6z"
        />
      </svg>
       trustj
    </span>
    <span>
      <svg
        fill="currentColor"
        height="22"
        stroke="currentColor"
        stroke-width="0"
        viewBox="0 0 24 24"
        width="22"
        xmlns="http://www.w3.org/2000/svg"
      >
        <path
          d="M0 0h24v24H0z"
          fill="none"
        />
        <path
          d="M15.5 14h-.79l-.28-.27A6.471 6.471 0 0 0 16 9.5 6.5 6.5 0 1 0 9.5 16c1.61 0 3.09-.59 4.23-1.57l.27.28v.79l5 4.99L20.49 19l-4.99-5zm-6 0C7.01 14 5 11.99 5 9.5S7.01 5 9.5 5 14 7.01 14 9.5 11.99 14 9.5 14z"
        />
      </svg>
       search
    </span>
    <span>
      <svg
        fill="currentColor"
        height="22"
        stroke="currentColor"
        stroke-width="0"
        viewBox="0 0 24 24"
        width="22"
        xmlns="http://www.w3.org/2000/svg"
      >
        <path
          d="M0 0h24v24H0z"
          fill="none"
        />
        <path
          d="M15.5 14h-.79l-.28-.27A6.471 6.471 0 0 0 16 9.5 6.5 6.5 0 1 0 9.5 16c1.61 0 3.09-.59 4.23-1.57l.27.28v.79l5 4.99L20.49 19l-4.99-5zm-6 0C7.01 14 5 11.99 5 9.5S7.01 5 9.5 5 14 7.01 14 9.5 11.99 14 9.5 14z"
        />
      </svg>
       suche
    </span>
  </div>
</DocumentFragment>
`;
