// Jest Snapshot v1, https://goo.gl/fbAQLP

exports[`SubscriptionList Container should render Cancel 1`] = `
"Snapshot Diff:
- First value
+ Second value

@@ -70,21 +70,43 @@
                <path
                  d="M0 0h24v24H0z"
                  fill="none"
                />
                <path
-                 d="M19 14V6c0-1.1-.9-2-2-2H3c-1.1 0-2 .9-2 2v8c0 1.1.9 2 2 2h14c1.1 0 2-.9 2-2zm-2 0H3V6h14v8zm-7-7c-1.66 0-3 1.34-3 3s1.34 3 3 3 3-1.34 3-3-1.34-3-3-3zm13 0v11c0 1.1-.9 2-2 2H4v-2h17V7h2z"
+                 d="M12 2C6.47 2 2 6.47 2 12s4.47 10 10 10 10-4.47 10-10S17.53 2 12 2zm5 13.59L15.59 17 12 13.41 8.41 17 7 15.59 10.59 12 7 8.41 8.41 7 12 10.59 15.59 7 17 8.41 13.41 12 17 15.59z"
                />
              </svg>
              <span>
-               Bezahlt bis 
+               Gekündigt am 
                <time
-                 datetime="2032-01-01"
+                 datetime="2023-01-01T00:00:00.000Z"
                >
-                 01.01.2032 00:00
+                 01.01.2023 00:00
                </time>
              </span>
+           </li>
+           <li
+             class="css-ec7qyu-SubscriptionListItemMetaItem eere75z1"
+           >
+             <svg
+               fill="currentColor"
+               height="1em"
+               stroke="currentColor"
+               stroke-width="0"
+               viewBox="0 0 24 24"
+               width="1em"
+               xmlns="http://www.w3.org/2000/svg"
+             >
+               <path
+                 d="M0 0h24v24H0z"
+                 fill="none"
+               />
+               <path
+                 d="M19 14V6c0-1.1-.9-2-2-2H3c-1.1 0-2 .9-2 2v8c0 1.1.9 2 2 2h14c1.1 0 2-.9 2-2zm-2 0H3V6h14v8zm-7-7c-1.66 0-3 1.34-3 3s1.34 3 3 3 3-1.34 3-3-1.34-3-3-3zm13 0v11c0 1.1-.9 2-2 2H4v-2h17V7h2z"
+               />
+             </svg>
+              Abo ist unbezahlt
            </li>
            <li
              class="css-ec7qyu-SubscriptionListItemMetaItem eere75z1"
            >
              <svg
@@ -155,33 +177,9 @@
              >
                Details & Zahlungen
              </a>
            </li>
          </ul>
-         <div
-           class="css-1fn3y2c-SubscriptionListItemActions eere75z0"
-         >
-           <button
-             class="MuiButtonBase-root MuiButton-root MuiButton-text MuiButton-textSecondary MuiButton-sizeMedium MuiButton-textSizeMedium MuiButton-root MuiButton-text MuiButton-textSecondary MuiButton-sizeMedium MuiButton-textSizeMedium css-q7xvqc-MuiButtonBase-root-MuiButton-root"
-             tabindex="0"
-             type="button"
-           >
-             Abo Kündigen
-             <span
-               class="MuiTouchRipple-root css-8je8zh-MuiTouchRipple-root"
-             />
-           </button>
-           <button
-             class="MuiButtonBase-root MuiButton-root MuiButton-contained MuiButton-containedPrimary MuiButton-sizeMedium MuiButton-containedSizeMedium MuiButton-root MuiButton-contained MuiButton-containedPrimary MuiButton-sizeMedium MuiButton-containedSizeMedium css-sghohy-MuiButtonBase-root-MuiButton-root"
-             tabindex="0"
-             type="button"
-           >
-             Jetzt Verlängern
-             <span
-               class="MuiTouchRipple-root css-8je8zh-MuiTouchRipple-root"
-             />
-           </button>
-         </div>
        </div>
      </div>
    </article>
  </DocumentFragment>"
`;

exports[`SubscriptionList Container should render CancelWithInvoiceList 1`] = `
"Snapshot Diff:
- First value
+ Second value

@@ -70,21 +70,43 @@
                <path
                  d="M0 0h24v24H0z"
                  fill="none"
                />
                <path
-                 d="M19 14V6c0-1.1-.9-2-2-2H3c-1.1 0-2 .9-2 2v8c0 1.1.9 2 2 2h14c1.1 0 2-.9 2-2zm-2 0H3V6h14v8zm-7-7c-1.66 0-3 1.34-3 3s1.34 3 3 3 3-1.34 3-3-1.34-3-3-3zm13 0v11c0 1.1-.9 2-2 2H4v-2h17V7h2z"
+                 d="M12 2C6.47 2 2 6.47 2 12s4.47 10 10 10 10-4.47 10-10S17.53 2 12 2zm5 13.59L15.59 17 12 13.41 8.41 17 7 15.59 10.59 12 7 8.41 8.41 7 12 10.59 15.59 7 17 8.41 13.41 12 17 15.59z"
                />
              </svg>
              <span>
-               Bezahlt bis 
+               Gekündigt am 
                <time
-                 datetime="2032-01-01"
+                 datetime="2023-01-01T00:00:00.000Z"
                >
-                 01.01.2032 00:00
+                 01.01.2023 00:00
                </time>
              </span>
+           </li>
+           <li
+             class="css-ec7qyu-SubscriptionListItemMetaItem eere75z1"
+           >
+             <svg
+               fill="currentColor"
+               height="1em"
+               stroke="currentColor"
+               stroke-width="0"
+               viewBox="0 0 24 24"
+               width="1em"
+               xmlns="http://www.w3.org/2000/svg"
+             >
+               <path
+                 d="M0 0h24v24H0z"
+                 fill="none"
+               />
+               <path
+                 d="M19 14V6c0-1.1-.9-2-2-2H3c-1.1 0-2 .9-2 2v8c0 1.1.9 2 2 2h14c1.1 0 2-.9 2-2zm-2 0H3V6h14v8zm-7-7c-1.66 0-3 1.34-3 3s1.34 3 3 3 3-1.34 3-3-1.34-3-3-3zm13 0v11c0 1.1-.9 2-2 2H4v-2h17V7h2z"
+               />
+             </svg>
+              Abo ist unbezahlt
            </li>
            <li
              class="css-ec7qyu-SubscriptionListItemMetaItem eere75z1"
            >
              <svg
@@ -155,34 +177,10 @@
              >
                Details & Zahlungen
              </a>
            </li>
          </ul>
-         <div
-           class="css-1fn3y2c-SubscriptionListItemActions eere75z0"
-         >
-           <button
-             class="MuiButtonBase-root MuiButton-root MuiButton-text MuiButton-textSecondary MuiButton-sizeMedium MuiButton-textSizeMedium MuiButton-root MuiButton-text MuiButton-textSecondary MuiButton-sizeMedium MuiButton-textSizeMedium css-q7xvqc-MuiButtonBase-root-MuiButton-root"
-             tabindex="0"
-             type="button"
-           >
-             Abo Kündigen
-             <span
-               class="MuiTouchRipple-root css-8je8zh-MuiTouchRipple-root"
-             />
-           </button>
-           <button
-             class="MuiButtonBase-root MuiButton-root MuiButton-contained MuiButton-containedPrimary MuiButton-sizeMedium MuiButton-containedSizeMedium MuiButton-root MuiButton-contained MuiButton-containedPrimary MuiButton-sizeMedium MuiButton-containedSizeMedium css-sghohy-MuiButtonBase-root-MuiButton-root"
-             tabindex="0"
-             type="button"
-           >
-             Jetzt Verlängern
-             <span
-               class="MuiTouchRipple-root css-8je8zh-MuiTouchRipple-root"
-             />
-           </button>
-         </div>
        </div>
      </div>
    </article>
    <article
      class="css-1cqlm8-InvoiceListWrapper eae5n870"
@@ -194,11 +192,11 @@
          class="css-kkg48e-InvoiceListItemContent e7di52m3"
        >
          <h6
            class="MuiTypography-root MuiTypography-h6 css-2ulfj5-MuiTypography-root"
          >
-           Offene Rechnung für Foobar Memberplan
+           Stornierte Rechnung für Foobar Memberplan
          </h6>
          <ul
            class="css-579onz-InvoiceListItemMeta e7di52m2"
          >
            <li
@@ -298,23 +296,17 @@
                />
              </svg>
               Betrag von CHF 500.-
            </li>
          </ul>
-         <div
-           class="css-lst8rm-InvoiceListItemActions e7di52m0"
+         <strong>
+           Storniert am 
+           <time
+             datetime="2023-01-01T00:00:00.000Z"
            >
-           <button
-             class="MuiButtonBase-root MuiButton-root MuiButton-contained MuiButton-containedPrimary MuiButton-sizeMedium MuiButton-containedSizeMedium MuiButton-root MuiButton-contained MuiButton-containedPrimary MuiButton-sizeMedium MuiButton-containedSizeMedium css-sghohy-MuiButtonBase-root-MuiButton-root"
-             tabindex="0"
-             type="button"
-           >
-             Jetzt Bezahlen
-             <span
-               class="MuiTouchRipple-root css-8je8zh-MuiTouchRipple-root"
-             />
-           </button>
-         </div>
+             01.01.2023 00:00
+           </time>
+         </strong>
        </div>
      </div>
    </article>
  </DocumentFragment>"
`;

exports[`SubscriptionList Container should render Default 1`] = `
<DocumentFragment>
  <article
    class="css-1lcio32-SubscriptionListWrapper e12e7g630"
  >
    <div
      class="css-r6owmh-SubscriptionListItemWrapper eere75z4"
    >
      <img
        alt="DSC07717"
        class="css-1sg8o3u-ImageWrapper e1shv2yg0"
        loading="lazy"
        srcset="https://unsplash.it/800/400 800w,
https://unsplash.it/500/300 500w,
https://unsplash.it/300/200 300w,
https://unsplash.it/200/100 200w"
        title=""
      />
      <div
        class="css-6l2m0q-SubscriptionListItemContent eere75z3"
      >
        <h6
          class="MuiTypography-root MuiTypography-h6 css-2ulfj5-MuiTypography-root"
        >
          Foobar Memberplan
        </h6>
        <ul
          class="css-14qrd03-SubscriptionListItemMeta eere75z2"
        >
          <li
            class="css-ec7qyu-SubscriptionListItemMetaItem eere75z1"
          >
            <svg
              fill="currentColor"
              height="1em"
              stroke="currentColor"
              stroke-width="0"
              viewBox="0 0 24 24"
              width="1em"
              xmlns="http://www.w3.org/2000/svg"
            >
              <path
                d="M0 0h24v24H0z"
                fill="none"
              />
              <path
                d="M19 4h-1V2h-2v2H8V2H6v2H5c-1.11 0-1.99.9-1.99 2L3 20a2 2 0 002 2h14c1.1 0 2-.9 2-2V6c0-1.1-.9-2-2-2zm0 16H5V10h14v10zM9 14H7v-2h2v2zm4 0h-2v-2h2v2zm4 0h-2v-2h2v2zm-8 4H7v-2h2v2zm4 0h-2v-2h2v2zm4 0h-2v-2h2v2z"
              />
            </svg>
            <span>
              Abgeschlossen am 
              <time
                datetime="2023-01-01"
              >
                01.01.2023 00:00
              </time>
            </span>
          </li>
          <li
            class="css-ec7qyu-SubscriptionListItemMetaItem eere75z1"
          >
            <svg
              fill="currentColor"
              height="1em"
              stroke="currentColor"
              stroke-width="0"
              viewBox="0 0 24 24"
              width="1em"
              xmlns="http://www.w3.org/2000/svg"
            >
              <path
                d="M0 0h24v24H0z"
                fill="none"
              />
              <path
                d="M19 14V6c0-1.1-.9-2-2-2H3c-1.1 0-2 .9-2 2v8c0 1.1.9 2 2 2h14c1.1 0 2-.9 2-2zm-2 0H3V6h14v8zm-7-7c-1.66 0-3 1.34-3 3s1.34 3 3 3 3-1.34 3-3-1.34-3-3-3zm13 0v11c0 1.1-.9 2-2 2H4v-2h17V7h2z"
              />
            </svg>
            <span>
              Bezahlt bis 
              <time
                datetime="2032-01-01"
              >
                01.01.2032 00:00
              </time>
            </span>
          </li>
          <li
            class="css-ec7qyu-SubscriptionListItemMetaItem eere75z1"
          >
            <svg
              fill="currentColor"
              height="1em"
              stroke="currentColor"
              stroke-width="0"
              viewBox="0 0 24 24"
              width="1em"
              xmlns="http://www.w3.org/2000/svg"
            >
              <path
                d="M0 0h24v24H0z"
                fill="none"
              />
              <path
                d="M12 6v3l4-4-4-4v3c-4.42 0-8 3.58-8 8 0 1.57.46 3.03 1.24 4.26L6.7 14.8A5.87 5.87 0 016 12c0-3.31 2.69-6 6-6zm6.76 1.74L17.3 9.2c.44.84.7 1.79.7 2.8 0 3.31-2.69 6-6 6v-3l-4 4 4 4v-3c4.42 0 8-3.58 8-8 0-1.57-.46-3.03-1.24-4.26z"
              />
            </svg>
             Wird automatisch vierteljährlich erneuert
          </li>
          <li
            class="css-ec7qyu-SubscriptionListItemMetaItem eere75z1"
          >
            <svg
              fill="currentColor"
              height="1em"
              stroke="currentColor"
              stroke-width="0"
              viewBox="0 0 24 24"
              width="1em"
              xmlns="http://www.w3.org/2000/svg"
            >
              <path
                d="M0 0h24v24H0z"
                fill="none"
              />
              <path
                d="M11.8 10.9c-2.27-.59-3-1.2-3-2.15 0-1.09 1.01-1.85 2.7-1.85 1.78 0 2.44.85 2.5 2.1h2.21c-.07-1.72-1.12-3.3-3.21-3.81V3h-3v2.16c-1.94.42-3.5 1.68-3.5 3.61 0 2.31 1.91 3.46 4.7 4.13 2.5.6 3 1.48 3 2.41 0 .69-.49 1.79-2.7 1.79-2.06 0-2.87-.92-2.98-2.1h-2.2c.12 2.19 1.76 3.42 3.68 3.83V21h3v-2.15c1.95-.37 3.5-1.5 3.5-3.55 0-2.84-2.43-3.81-4.7-4.4z"
              />
            </svg>
             Kostet CHF 2'500.- pro Monat
          </li>
          <li
            class="css-ec7qyu-SubscriptionListItemMetaItem eere75z1"
          >
            <svg
              fill="currentColor"
              height="1em"
              stroke="currentColor"
              stroke-width="0"
              viewBox="0 0 24 24"
              width="1em"
              xmlns="http://www.w3.org/2000/svg"
            >
              <path
                d="M0 0h24v24H0z"
                fill="none"
              />
              <path
                d="M13 3a9 9 0 00-9 9H1l3.89 3.89.07.14L9 12H6c0-3.87 3.13-7 7-7s7 3.13 7 7-3.13 7-7 7c-1.93 0-3.68-.79-4.94-2.06l-1.42 1.42A8.954 8.954 0 0013 21a9 9 0 000-18zm-1 5v5l4.28 2.54.72-1.21-3.5-2.08V8H12z"
              />
            </svg>
             
            <a
              class="MuiTypography-root MuiTypography-inherit MuiLink-root MuiLink-underlineAlways css-1xylxj1-MuiTypography-root-MuiLink-root"
              href="https://example.com"
            >
              Details & Zahlungen
            </a>
          </li>
        </ul>
        <div
          class="css-1fn3y2c-SubscriptionListItemActions eere75z0"
        >
          <button
            class="MuiButtonBase-root MuiButton-root MuiButton-text MuiButton-textSecondary MuiButton-sizeMedium MuiButton-textSizeMedium MuiButton-root MuiButton-text MuiButton-textSecondary MuiButton-sizeMedium MuiButton-textSizeMedium css-q7xvqc-MuiButtonBase-root-MuiButton-root"
            tabindex="0"
            type="button"
          >
            Abo Kündigen
            <span
              class="MuiTouchRipple-root css-8je8zh-MuiTouchRipple-root"
            />
          </button>
          <button
            class="MuiButtonBase-root MuiButton-root MuiButton-contained MuiButton-containedPrimary MuiButton-sizeMedium MuiButton-containedSizeMedium MuiButton-root MuiButton-contained MuiButton-containedPrimary MuiButton-sizeMedium MuiButton-containedSizeMedium css-sghohy-MuiButtonBase-root-MuiButton-root"
            tabindex="0"
            type="button"
          >
            Jetzt Verlängern
            <span
              class="MuiTouchRipple-root css-8je8zh-MuiTouchRipple-root"
            />
          </button>
        </div>
      </div>
    </div>
  </article>
</DocumentFragment>
`;

exports[`SubscriptionList Container should render Extend 1`] = `
"Snapshot Diff:
Compared values have no visual difference."
`;

exports[`SubscriptionList Container should render Pay 1`] = `
"Snapshot Diff:
Compared values have no visual difference."
`;

exports[`SubscriptionList Container should render Unpaid 1`] = `
<DocumentFragment>
  <article
    class="css-1lcio32-SubscriptionListWrapper e12e7g630"
  >
    <div
      class="css-r6owmh-SubscriptionListItemWrapper eere75z4"
    >
      <img
        alt="DSC07717"
        class="css-1sg8o3u-ImageWrapper e1shv2yg0"
        loading="lazy"
        srcset="https://unsplash.it/800/400 800w,
https://unsplash.it/500/300 500w,
https://unsplash.it/300/200 300w,
https://unsplash.it/200/100 200w"
        title=""
      />
      <div
        class="css-6l2m0q-SubscriptionListItemContent eere75z3"
      >
        <h6
          class="MuiTypography-root MuiTypography-h6 css-2ulfj5-MuiTypography-root"
        >
          Foobar Memberplan
        </h6>
        <ul
          class="css-14qrd03-SubscriptionListItemMeta eere75z2"
        >
          <li
            class="css-ec7qyu-SubscriptionListItemMetaItem eere75z1"
          >
            <svg
              fill="currentColor"
              height="1em"
              stroke="currentColor"
              stroke-width="0"
              viewBox="0 0 24 24"
              width="1em"
              xmlns="http://www.w3.org/2000/svg"
            >
              <path
                d="M0 0h24v24H0z"
                fill="none"
              />
              <path
                d="M19 4h-1V2h-2v2H8V2H6v2H5c-1.11 0-1.99.9-1.99 2L3 20a2 2 0 002 2h14c1.1 0 2-.9 2-2V6c0-1.1-.9-2-2-2zm0 16H5V10h14v10zM9 14H7v-2h2v2zm4 0h-2v-2h2v2zm4 0h-2v-2h2v2zm-8 4H7v-2h2v2zm4 0h-2v-2h2v2zm4 0h-2v-2h2v2z"
              />
            </svg>
            <span>
              Abgeschlossen am 
              <time
                datetime="2023-01-01"
              >
                01.01.2023 00:00
              </time>
            </span>
          </li>
          <li
            class="css-ec7qyu-SubscriptionListItemMetaItem eere75z1"
          >
            <svg
              fill="currentColor"
              height="1em"
              stroke="currentColor"
              stroke-width="0"
              viewBox="0 0 24 24"
              width="1em"
              xmlns="http://www.w3.org/2000/svg"
            >
              <path
                d="M0 0h24v24H0z"
                fill="none"
              />
              <path
                d="M19 14V6c0-1.1-.9-2-2-2H3c-1.1 0-2 .9-2 2v8c0 1.1.9 2 2 2h14c1.1 0 2-.9 2-2zm-2 0H3V6h14v8zm-7-7c-1.66 0-3 1.34-3 3s1.34 3 3 3 3-1.34 3-3-1.34-3-3-3zm13 0v11c0 1.1-.9 2-2 2H4v-2h17V7h2z"
              />
            </svg>
             Abo ist unbezahlt
          </li>
          <li
            class="css-ec7qyu-SubscriptionListItemMetaItem eere75z1"
          >
            <svg
              fill="currentColor"
              height="1em"
              stroke="currentColor"
              stroke-width="0"
              viewBox="0 0 24 24"
              width="1em"
              xmlns="http://www.w3.org/2000/svg"
            >
              <path
                d="M0 0h24v24H0z"
                fill="none"
              />
              <path
                d="M12 6v3l4-4-4-4v3c-4.42 0-8 3.58-8 8 0 1.57.46 3.03 1.24 4.26L6.7 14.8A5.87 5.87 0 016 12c0-3.31 2.69-6 6-6zm6.76 1.74L17.3 9.2c.44.84.7 1.79.7 2.8 0 3.31-2.69 6-6 6v-3l-4 4 4 4v-3c4.42 0 8-3.58 8-8 0-1.57-.46-3.03-1.24-4.26z"
              />
            </svg>
             Wird automatisch vierteljährlich erneuert
          </li>
          <li
            class="css-ec7qyu-SubscriptionListItemMetaItem eere75z1"
          >
            <svg
              fill="currentColor"
              height="1em"
              stroke="currentColor"
              stroke-width="0"
              viewBox="0 0 24 24"
              width="1em"
              xmlns="http://www.w3.org/2000/svg"
            >
              <path
                d="M0 0h24v24H0z"
                fill="none"
              />
              <path
                d="M11.8 10.9c-2.27-.59-3-1.2-3-2.15 0-1.09 1.01-1.85 2.7-1.85 1.78 0 2.44.85 2.5 2.1h2.21c-.07-1.72-1.12-3.3-3.21-3.81V3h-3v2.16c-1.94.42-3.5 1.68-3.5 3.61 0 2.31 1.91 3.46 4.7 4.13 2.5.6 3 1.48 3 2.41 0 .69-.49 1.79-2.7 1.79-2.06 0-2.87-.92-2.98-2.1h-2.2c.12 2.19 1.76 3.42 3.68 3.83V21h3v-2.15c1.95-.37 3.5-1.5 3.5-3.55 0-2.84-2.43-3.81-4.7-4.4z"
              />
            </svg>
             Kostet CHF 2'500.- pro Monat
          </li>
          <li
            class="css-ec7qyu-SubscriptionListItemMetaItem eere75z1"
          >
            <svg
              fill="currentColor"
              height="1em"
              stroke="currentColor"
              stroke-width="0"
              viewBox="0 0 24 24"
              width="1em"
              xmlns="http://www.w3.org/2000/svg"
            >
              <path
                d="M0 0h24v24H0z"
                fill="none"
              />
              <path
                d="M13 3a9 9 0 00-9 9H1l3.89 3.89.07.14L9 12H6c0-3.87 3.13-7 7-7s7 3.13 7 7-3.13 7-7 7c-1.93 0-3.68-.79-4.94-2.06l-1.42 1.42A8.954 8.954 0 0013 21a9 9 0 000-18zm-1 5v5l4.28 2.54.72-1.21-3.5-2.08V8H12z"
              />
            </svg>
             
            <a
              class="MuiTypography-root MuiTypography-inherit MuiLink-root MuiLink-underlineAlways css-1xylxj1-MuiTypography-root-MuiLink-root"
              href="https://example.com"
            >
              Details & Zahlungen
            </a>
          </li>
        </ul>
        <div
          class="css-1fn3y2c-SubscriptionListItemActions eere75z0"
        >
          <button
            class="MuiButtonBase-root MuiButton-root MuiButton-text MuiButton-textSecondary MuiButton-sizeMedium MuiButton-textSizeMedium MuiButton-root MuiButton-text MuiButton-textSecondary MuiButton-sizeMedium MuiButton-textSizeMedium css-q7xvqc-MuiButtonBase-root-MuiButton-root"
            tabindex="0"
            type="button"
          >
            Abo Kündigen
            <span
              class="MuiTouchRipple-root css-8je8zh-MuiTouchRipple-root"
            />
          </button>
          <button
            class="MuiButtonBase-root MuiButton-root MuiButton-contained MuiButton-containedPrimary MuiButton-sizeMedium MuiButton-containedSizeMedium MuiButton-root MuiButton-contained MuiButton-containedPrimary MuiButton-sizeMedium MuiButton-containedSizeMedium css-sghohy-MuiButtonBase-root-MuiButton-root"
            tabindex="0"
            type="button"
          >
            Jetzt Bezahlen
            <span
              class="MuiTouchRipple-root css-8je8zh-MuiTouchRipple-root"
            />
          </button>
        </div>
      </div>
    </div>
  </article>
</DocumentFragment>
`;

exports[`SubscriptionList Container should render WithClassName 1`] = `
<DocumentFragment>
  <article
    class="extra-classname css-1lcio32-SubscriptionListWrapper e12e7g630"
  >
    <div
      class="css-r6owmh-SubscriptionListItemWrapper eere75z4"
    >
      <img
        alt="DSC07717"
        class="css-1sg8o3u-ImageWrapper e1shv2yg0"
        loading="lazy"
        srcset="https://unsplash.it/800/400 800w,
https://unsplash.it/500/300 500w,
https://unsplash.it/300/200 300w,
https://unsplash.it/200/100 200w"
        title=""
      />
      <div
        class="css-6l2m0q-SubscriptionListItemContent eere75z3"
      >
        <h6
          class="MuiTypography-root MuiTypography-h6 css-2ulfj5-MuiTypography-root"
        >
          Foobar Memberplan
        </h6>
        <ul
          class="css-14qrd03-SubscriptionListItemMeta eere75z2"
        >
          <li
            class="css-ec7qyu-SubscriptionListItemMetaItem eere75z1"
          >
            <svg
              fill="currentColor"
              height="1em"
              stroke="currentColor"
              stroke-width="0"
              viewBox="0 0 24 24"
              width="1em"
              xmlns="http://www.w3.org/2000/svg"
            >
              <path
                d="M0 0h24v24H0z"
                fill="none"
              />
              <path
                d="M19 4h-1V2h-2v2H8V2H6v2H5c-1.11 0-1.99.9-1.99 2L3 20a2 2 0 002 2h14c1.1 0 2-.9 2-2V6c0-1.1-.9-2-2-2zm0 16H5V10h14v10zM9 14H7v-2h2v2zm4 0h-2v-2h2v2zm4 0h-2v-2h2v2zm-8 4H7v-2h2v2zm4 0h-2v-2h2v2zm4 0h-2v-2h2v2z"
              />
            </svg>
            <span>
              Abgeschlossen am 
              <time
                datetime="2023-01-01"
              >
                01.01.2023 00:00
              </time>
            </span>
          </li>
          <li
            class="css-ec7qyu-SubscriptionListItemMetaItem eere75z1"
          >
            <svg
              fill="currentColor"
              height="1em"
              stroke="currentColor"
              stroke-width="0"
              viewBox="0 0 24 24"
              width="1em"
              xmlns="http://www.w3.org/2000/svg"
            >
              <path
                d="M0 0h24v24H0z"
                fill="none"
              />
              <path
                d="M19 14V6c0-1.1-.9-2-2-2H3c-1.1 0-2 .9-2 2v8c0 1.1.9 2 2 2h14c1.1 0 2-.9 2-2zm-2 0H3V6h14v8zm-7-7c-1.66 0-3 1.34-3 3s1.34 3 3 3 3-1.34 3-3-1.34-3-3-3zm13 0v11c0 1.1-.9 2-2 2H4v-2h17V7h2z"
              />
            </svg>
            <span>
              Bezahlt bis 
              <time
                datetime="2032-01-01"
              >
                01.01.2032 00:00
              </time>
            </span>
          </li>
          <li
            class="css-ec7qyu-SubscriptionListItemMetaItem eere75z1"
          >
            <svg
              fill="currentColor"
              height="1em"
              stroke="currentColor"
              stroke-width="0"
              viewBox="0 0 24 24"
              width="1em"
              xmlns="http://www.w3.org/2000/svg"
            >
              <path
                d="M0 0h24v24H0z"
                fill="none"
              />
              <path
                d="M12 6v3l4-4-4-4v3c-4.42 0-8 3.58-8 8 0 1.57.46 3.03 1.24 4.26L6.7 14.8A5.87 5.87 0 016 12c0-3.31 2.69-6 6-6zm6.76 1.74L17.3 9.2c.44.84.7 1.79.7 2.8 0 3.31-2.69 6-6 6v-3l-4 4 4 4v-3c4.42 0 8-3.58 8-8 0-1.57-.46-3.03-1.24-4.26z"
              />
            </svg>
             Wird automatisch vierteljährlich erneuert
          </li>
          <li
            class="css-ec7qyu-SubscriptionListItemMetaItem eere75z1"
          >
            <svg
              fill="currentColor"
              height="1em"
              stroke="currentColor"
              stroke-width="0"
              viewBox="0 0 24 24"
              width="1em"
              xmlns="http://www.w3.org/2000/svg"
            >
              <path
                d="M0 0h24v24H0z"
                fill="none"
              />
              <path
                d="M11.8 10.9c-2.27-.59-3-1.2-3-2.15 0-1.09 1.01-1.85 2.7-1.85 1.78 0 2.44.85 2.5 2.1h2.21c-.07-1.72-1.12-3.3-3.21-3.81V3h-3v2.16c-1.94.42-3.5 1.68-3.5 3.61 0 2.31 1.91 3.46 4.7 4.13 2.5.6 3 1.48 3 2.41 0 .69-.49 1.79-2.7 1.79-2.06 0-2.87-.92-2.98-2.1h-2.2c.12 2.19 1.76 3.42 3.68 3.83V21h3v-2.15c1.95-.37 3.5-1.5 3.5-3.55 0-2.84-2.43-3.81-4.7-4.4z"
              />
            </svg>
             Kostet CHF 2'500.- pro Monat
          </li>
          <li
            class="css-ec7qyu-SubscriptionListItemMetaItem eere75z1"
          >
            <svg
              fill="currentColor"
              height="1em"
              stroke="currentColor"
              stroke-width="0"
              viewBox="0 0 24 24"
              width="1em"
              xmlns="http://www.w3.org/2000/svg"
            >
              <path
                d="M0 0h24v24H0z"
                fill="none"
              />
              <path
                d="M13 3a9 9 0 00-9 9H1l3.89 3.89.07.14L9 12H6c0-3.87 3.13-7 7-7s7 3.13 7 7-3.13 7-7 7c-1.93 0-3.68-.79-4.94-2.06l-1.42 1.42A8.954 8.954 0 0013 21a9 9 0 000-18zm-1 5v5l4.28 2.54.72-1.21-3.5-2.08V8H12z"
              />
            </svg>
             
            <a
              class="MuiTypography-root MuiTypography-inherit MuiLink-root MuiLink-underlineAlways css-1xylxj1-MuiTypography-root-MuiLink-root"
              href="https://example.com"
            >
              Details & Zahlungen
            </a>
          </li>
        </ul>
        <div
          class="css-1fn3y2c-SubscriptionListItemActions eere75z0"
        >
          <button
            class="MuiButtonBase-root MuiButton-root MuiButton-text MuiButton-textSecondary MuiButton-sizeMedium MuiButton-textSizeMedium MuiButton-root MuiButton-text MuiButton-textSecondary MuiButton-sizeMedium MuiButton-textSizeMedium css-q7xvqc-MuiButtonBase-root-MuiButton-root"
            tabindex="0"
            type="button"
          >
            Abo Kündigen
            <span
              class="MuiTouchRipple-root css-8je8zh-MuiTouchRipple-root"
            />
          </button>
          <button
            class="MuiButtonBase-root MuiButton-root MuiButton-contained MuiButton-containedPrimary MuiButton-sizeMedium MuiButton-containedSizeMedium MuiButton-root MuiButton-contained MuiButton-containedPrimary MuiButton-sizeMedium MuiButton-containedSizeMedium css-sghohy-MuiButtonBase-root-MuiButton-root"
            tabindex="0"
            type="button"
          >
            Jetzt Verlängern
            <span
              class="MuiTouchRipple-root css-8je8zh-MuiTouchRipple-root"
            />
          </button>
        </div>
      </div>
    </div>
  </article>
</DocumentFragment>
`;

exports[`SubscriptionList Container should render WithEmotion 1`] = `
<DocumentFragment>
  <article
    class="css-1lcio32-SubscriptionListWrapper e12e7g630"
  >
    <div
      class="css-r6owmh-SubscriptionListItemWrapper eere75z4"
    >
      <img
        alt="DSC07717"
        class="css-1sg8o3u-ImageWrapper e1shv2yg0"
        loading="lazy"
        srcset="https://unsplash.it/800/400 800w,
https://unsplash.it/500/300 500w,
https://unsplash.it/300/200 300w,
https://unsplash.it/200/100 200w"
        title=""
      />
      <div
        class="css-6l2m0q-SubscriptionListItemContent eere75z3"
      >
        <h6
          class="MuiTypography-root MuiTypography-h6 css-2ulfj5-MuiTypography-root"
        >
          Foobar Memberplan
        </h6>
        <ul
          class="css-14qrd03-SubscriptionListItemMeta eere75z2"
        >
          <li
            class="css-ec7qyu-SubscriptionListItemMetaItem eere75z1"
          >
            <svg
              fill="currentColor"
              height="1em"
              stroke="currentColor"
              stroke-width="0"
              viewBox="0 0 24 24"
              width="1em"
              xmlns="http://www.w3.org/2000/svg"
            >
              <path
                d="M0 0h24v24H0z"
                fill="none"
              />
              <path
                d="M19 4h-1V2h-2v2H8V2H6v2H5c-1.11 0-1.99.9-1.99 2L3 20a2 2 0 002 2h14c1.1 0 2-.9 2-2V6c0-1.1-.9-2-2-2zm0 16H5V10h14v10zM9 14H7v-2h2v2zm4 0h-2v-2h2v2zm4 0h-2v-2h2v2zm-8 4H7v-2h2v2zm4 0h-2v-2h2v2zm4 0h-2v-2h2v2z"
              />
            </svg>
            <span>
              Abgeschlossen am 
              <time
                datetime="2023-01-01"
              >
                01.01.2023 00:00
              </time>
            </span>
          </li>
          <li
            class="css-ec7qyu-SubscriptionListItemMetaItem eere75z1"
          >
            <svg
              fill="currentColor"
              height="1em"
              stroke="currentColor"
              stroke-width="0"
              viewBox="0 0 24 24"
              width="1em"
              xmlns="http://www.w3.org/2000/svg"
            >
              <path
                d="M0 0h24v24H0z"
                fill="none"
              />
              <path
                d="M19 14V6c0-1.1-.9-2-2-2H3c-1.1 0-2 .9-2 2v8c0 1.1.9 2 2 2h14c1.1 0 2-.9 2-2zm-2 0H3V6h14v8zm-7-7c-1.66 0-3 1.34-3 3s1.34 3 3 3 3-1.34 3-3-1.34-3-3-3zm13 0v11c0 1.1-.9 2-2 2H4v-2h17V7h2z"
              />
            </svg>
            <span>
              Bezahlt bis 
              <time
                datetime="2032-01-01"
              >
                01.01.2032 00:00
              </time>
            </span>
          </li>
          <li
            class="css-ec7qyu-SubscriptionListItemMetaItem eere75z1"
          >
            <svg
              fill="currentColor"
              height="1em"
              stroke="currentColor"
              stroke-width="0"
              viewBox="0 0 24 24"
              width="1em"
              xmlns="http://www.w3.org/2000/svg"
            >
              <path
                d="M0 0h24v24H0z"
                fill="none"
              />
              <path
                d="M12 6v3l4-4-4-4v3c-4.42 0-8 3.58-8 8 0 1.57.46 3.03 1.24 4.26L6.7 14.8A5.87 5.87 0 016 12c0-3.31 2.69-6 6-6zm6.76 1.74L17.3 9.2c.44.84.7 1.79.7 2.8 0 3.31-2.69 6-6 6v-3l-4 4 4 4v-3c4.42 0 8-3.58 8-8 0-1.57-.46-3.03-1.24-4.26z"
              />
            </svg>
             Wird automatisch vierteljährlich erneuert
          </li>
          <li
            class="css-ec7qyu-SubscriptionListItemMetaItem eere75z1"
          >
            <svg
              fill="currentColor"
              height="1em"
              stroke="currentColor"
              stroke-width="0"
              viewBox="0 0 24 24"
              width="1em"
              xmlns="http://www.w3.org/2000/svg"
            >
              <path
                d="M0 0h24v24H0z"
                fill="none"
              />
              <path
                d="M11.8 10.9c-2.27-.59-3-1.2-3-2.15 0-1.09 1.01-1.85 2.7-1.85 1.78 0 2.44.85 2.5 2.1h2.21c-.07-1.72-1.12-3.3-3.21-3.81V3h-3v2.16c-1.94.42-3.5 1.68-3.5 3.61 0 2.31 1.91 3.46 4.7 4.13 2.5.6 3 1.48 3 2.41 0 .69-.49 1.79-2.7 1.79-2.06 0-2.87-.92-2.98-2.1h-2.2c.12 2.19 1.76 3.42 3.68 3.83V21h3v-2.15c1.95-.37 3.5-1.5 3.5-3.55 0-2.84-2.43-3.81-4.7-4.4z"
              />
            </svg>
             Kostet CHF 2'500.- pro Monat
          </li>
          <li
            class="css-ec7qyu-SubscriptionListItemMetaItem eere75z1"
          >
            <svg
              fill="currentColor"
              height="1em"
              stroke="currentColor"
              stroke-width="0"
              viewBox="0 0 24 24"
              width="1em"
              xmlns="http://www.w3.org/2000/svg"
            >
              <path
                d="M0 0h24v24H0z"
                fill="none"
              />
              <path
                d="M13 3a9 9 0 00-9 9H1l3.89 3.89.07.14L9 12H6c0-3.87 3.13-7 7-7s7 3.13 7 7-3.13 7-7 7c-1.93 0-3.68-.79-4.94-2.06l-1.42 1.42A8.954 8.954 0 0013 21a9 9 0 000-18zm-1 5v5l4.28 2.54.72-1.21-3.5-2.08V8H12z"
              />
            </svg>
             
            <a
              class="MuiTypography-root MuiTypography-inherit MuiLink-root MuiLink-underlineAlways css-1xylxj1-MuiTypography-root-MuiLink-root"
              href="https://example.com"
            >
              Details & Zahlungen
            </a>
          </li>
        </ul>
        <div
          class="css-1fn3y2c-SubscriptionListItemActions eere75z0"
        >
          <button
            class="MuiButtonBase-root MuiButton-root MuiButton-text MuiButton-textSecondary MuiButton-sizeMedium MuiButton-textSizeMedium MuiButton-root MuiButton-text MuiButton-textSecondary MuiButton-sizeMedium MuiButton-textSizeMedium css-q7xvqc-MuiButtonBase-root-MuiButton-root"
            tabindex="0"
            type="button"
          >
            Abo Kündigen
            <span
              class="MuiTouchRipple-root css-8je8zh-MuiTouchRipple-root"
            />
          </button>
          <button
            class="MuiButtonBase-root MuiButton-root MuiButton-contained MuiButton-containedPrimary MuiButton-sizeMedium MuiButton-containedSizeMedium MuiButton-root MuiButton-contained MuiButton-containedPrimary MuiButton-sizeMedium MuiButton-containedSizeMedium css-sghohy-MuiButtonBase-root-MuiButton-root"
            tabindex="0"
            type="button"
          >
            Jetzt Verlängern
            <span
              class="MuiTouchRipple-root css-8je8zh-MuiTouchRipple-root"
            />
          </button>
        </div>
      </div>
    </div>
  </article>
</DocumentFragment>
`;

exports[`SubscriptionList Container should render WithFilter 1`] = `
<DocumentFragment>
  <article
    class="css-1lcio32-SubscriptionListWrapper e12e7g630"
  >
    <div
      class="css-r6owmh-SubscriptionListItemWrapper eere75z4"
    >
      <div
        class="css-6l2m0q-SubscriptionListItemContent eere75z3"
      >
        <strong>
          Kein aktives Abo
        </strong>
      </div>
    </div>
  </article>
</DocumentFragment>
`;
