// Jest Snapshot v1, https://goo.gl/fbAQLP

exports[`emptyCellsTable should match snapshot {"children": [Array], "type": "table"} 1`] = `
{
  "children": [
    {
      "children": [
        {
          "borderColor": "#000000",
          "children": [
            {
              "children": [
                {
                  "text": "",
                },
              ],
              "type": "paragraph",
            },
          ],
          "type": "table-cell",
        },
      ],
      "type": "table-row",
    },
  ],
  "type": "table",
}
`;

exports[`emptyCellsTable should match snapshot {"children": [Array], "type": "table"} 2`] = `
{
  "children": [
    {
      "children": [
        {
          "borderColor": "#000000",
          "children": [
            {
              "children": [
                {
                  "text": "",
                },
              ],
              "type": "paragraph",
            },
          ],
          "type": "table-cell",
        },
        {
          "borderColor": "#000000",
          "children": [
            {
              "children": [
                {
                  "text": "",
                },
              ],
              "type": "paragraph",
            },
          ],
          "type": "table-cell",
        },
      ],
      "type": "table-row",
    },
    {
      "children": [
        {
          "borderColor": "#000000",
          "children": [
            {
              "children": [
                {
                  "text": "",
                },
              ],
              "type": "paragraph",
            },
          ],
          "type": "table-cell",
        },
        {
          "borderColor": "#000000",
          "children": [
            {
              "children": [
                {
                  "text": "",
                },
              ],
              "type": "paragraph",
            },
          ],
          "type": "table-cell",
        },
      ],
      "type": "table-row",
    },
  ],
  "type": "table",
}
`;
