// Jest Snapshot v1, https://goo.gl/fbAQLP

exports[`Personal Data Form Container should render Default 1`] = `
<DocumentFragment>
  <form
    class="emotion-0 emotion-1"
  >
    <div
      class="emotion-2 emotion-3"
    >
      <div
        class="emotion-4 emotion-5"
      >
        <div
          class="MuiFormControl-root MuiTextField-root emotion-6"
        >
          <label
            class="MuiFormLabel-root MuiInputLabel-root MuiInputLabel-formControl MuiInputLabel-animated MuiInputLabel-shrink MuiInputLabel-sizeMedium MuiInputLabel-outlined MuiFormLabel-colorPrimary MuiFormLabel-filled MuiInputLabel-root MuiInputLabel-formControl MuiInputLabel-animated MuiInputLabel-shrink MuiInputLabel-sizeMedium MuiInputLabel-outlined emotion-7"
            data-shrink="true"
            for=":r0:"
            id=":r0:-label"
          >
            Vorname
          </label>
          <div
            class="MuiInputBase-root MuiOutlinedInput-root MuiInputBase-colorPrimary MuiInputBase-formControl emotion-8"
          >
            <input
              aria-invalid="false"
              autocomplete="firstname"
              class="MuiInputBase-input MuiOutlinedInput-input emotion-9"
              id=":r0:"
              name="firstName"
              type="text"
              value="Kamil"
            />
            <fieldset
              aria-hidden="true"
              class="MuiOutlinedInput-notchedOutline emotion-10"
            >
              <legend
                class="emotion-11"
              >
                <span>
                  Vorname
                </span>
              </legend>
            </fieldset>
          </div>
        </div>
        <div
          class="MuiFormControl-root MuiTextField-root emotion-6"
        >
          <label
            class="MuiFormLabel-root MuiInputLabel-root MuiInputLabel-formControl MuiInputLabel-animated MuiInputLabel-shrink MuiInputLabel-sizeMedium MuiInputLabel-outlined MuiFormLabel-colorPrimary MuiFormLabel-filled MuiInputLabel-root MuiInputLabel-formControl MuiInputLabel-animated MuiInputLabel-shrink MuiInputLabel-sizeMedium MuiInputLabel-outlined emotion-7"
            data-shrink="true"
            for=":r1:"
            id=":r1:-label"
          >
            Funktion / Beruf
          </label>
          <div
            class="MuiInputBase-root MuiOutlinedInput-root MuiInputBase-colorPrimary MuiInputBase-formControl emotion-8"
          >
            <input
              aria-invalid="false"
              class="MuiInputBase-input MuiOutlinedInput-input emotion-9"
              id=":r1:"
              name="flair"
              type="text"
              value="Financial Advisor & CEO"
            />
            <fieldset
              aria-hidden="true"
              class="MuiOutlinedInput-notchedOutline emotion-10"
            >
              <legend
                class="emotion-11"
              >
                <span>
                  Funktion / Beruf
                </span>
              </legend>
            </fieldset>
          </div>
        </div>
        <div
          class="MuiFormControl-root MuiTextField-root emotion-6"
        >
          <label
            class="MuiFormLabel-root MuiInputLabel-root MuiInputLabel-formControl MuiInputLabel-animated MuiInputLabel-shrink MuiInputLabel-sizeMedium MuiInputLabel-outlined MuiFormLabel-colorPrimary MuiFormLabel-filled MuiInputLabel-root MuiInputLabel-formControl MuiInputLabel-animated MuiInputLabel-shrink MuiInputLabel-sizeMedium MuiInputLabel-outlined emotion-7"
            data-shrink="true"
            for=":r2:"
            id=":r2:-label"
          >
            Nachname
          </label>
          <div
            class="MuiInputBase-root MuiOutlinedInput-root MuiInputBase-colorPrimary MuiInputBase-formControl emotion-8"
          >
            <input
              aria-invalid="false"
              autocomplete="lastname"
              class="MuiInputBase-input MuiOutlinedInput-input emotion-9"
              id=":r2:"
              name="name"
              type="text"
              value="Wasyl"
            />
            <fieldset
              aria-hidden="true"
              class="MuiOutlinedInput-notchedOutline emotion-10"
            >
              <legend
                class="emotion-11"
              >
                <span>
                  Nachname
                </span>
              </legend>
            </fieldset>
          </div>
        </div>
        <div
          class="emotion-24 emotion-25"
        >
          <div
            class="MuiFormControl-root MuiFormControl-fullWidth MuiTextField-root emotion-26"
          >
            <label
              class="MuiFormLabel-root MuiInputLabel-root MuiInputLabel-formControl MuiInputLabel-animated MuiInputLabel-shrink MuiInputLabel-sizeMedium MuiInputLabel-outlined MuiFormLabel-colorPrimary MuiFormLabel-filled MuiInputLabel-root MuiInputLabel-formControl MuiInputLabel-animated MuiInputLabel-shrink MuiInputLabel-sizeMedium MuiInputLabel-outlined emotion-7"
              data-shrink="true"
              for=":r3:"
              id=":r3:-label"
            >
              Strasse und Hausnummer
            </label>
            <div
              class="MuiInputBase-root MuiOutlinedInput-root MuiInputBase-colorPrimary MuiInputBase-fullWidth MuiInputBase-formControl emotion-28"
            >
              <input
                aria-invalid="false"
                autocomplete="address"
                class="MuiInputBase-input MuiOutlinedInput-input emotion-9"
                id=":r3:"
                name="address.streetAddress"
                type="text"
                value="Cool Street"
              />
              <fieldset
                aria-hidden="true"
                class="MuiOutlinedInput-notchedOutline emotion-10"
              >
                <legend
                  class="emotion-11"
                >
                  <span>
                    Strasse und Hausnummer
                  </span>
                </legend>
              </fieldset>
            </div>
          </div>
          <div
            class="MuiFormControl-root MuiFormControl-fullWidth MuiTextField-root emotion-32"
          >
            <label
              class="MuiFormLabel-root MuiInputLabel-root MuiInputLabel-formControl MuiInputLabel-animated MuiInputLabel-shrink MuiInputLabel-sizeMedium MuiInputLabel-outlined MuiFormLabel-colorPrimary MuiFormLabel-filled MuiInputLabel-root MuiInputLabel-formControl MuiInputLabel-animated MuiInputLabel-shrink MuiInputLabel-sizeMedium MuiInputLabel-outlined emotion-7"
              data-shrink="true"
              for=":r4:"
              id=":r4:-label"
            >
              PLZ
            </label>
            <div
              class="MuiInputBase-root MuiOutlinedInput-root MuiInputBase-colorPrimary MuiInputBase-fullWidth MuiInputBase-formControl emotion-28"
            >
              <input
                aria-invalid="false"
                autocomplete="zip"
                class="MuiInputBase-input MuiOutlinedInput-input emotion-9"
                id=":r4:"
                name="address.zipCode"
                type="text"
                value="12345"
              />
              <fieldset
                aria-hidden="true"
                class="MuiOutlinedInput-notchedOutline emotion-10"
              >
                <legend
                  class="emotion-11"
                >
                  <span>
                    PLZ
                  </span>
                </legend>
              </fieldset>
            </div>
          </div>
          <div
            class="MuiFormControl-root MuiFormControl-fullWidth MuiTextField-root emotion-32"
          >
            <label
              class="MuiFormLabel-root MuiInputLabel-root MuiInputLabel-formControl MuiInputLabel-animated MuiInputLabel-shrink MuiInputLabel-sizeMedium MuiInputLabel-outlined MuiFormLabel-colorPrimary MuiFormLabel-filled MuiInputLabel-root MuiInputLabel-formControl MuiInputLabel-animated MuiInputLabel-shrink MuiInputLabel-sizeMedium MuiInputLabel-outlined emotion-7"
              data-shrink="true"
              for=":r5:"
              id=":r5:-label"
            >
              Ort / Stadt
            </label>
            <div
              class="MuiInputBase-root MuiOutlinedInput-root MuiInputBase-colorPrimary MuiInputBase-fullWidth MuiInputBase-formControl emotion-28"
            >
              <input
                aria-invalid="false"
                autocomplete="city"
                class="MuiInputBase-input MuiOutlinedInput-input emotion-9"
                id=":r5:"
                name="address.city"
                type="text"
                value="Surfers Paradise"
              />
              <fieldset
                aria-hidden="true"
                class="MuiOutlinedInput-notchedOutline emotion-10"
              >
                <legend
                  class="emotion-11"
                >
                  <span>
                    Ort / Stadt
                  </span>
                </legend>
              </fieldset>
            </div>
          </div>
          <div
            class="MuiAutocomplete-root MuiAutocomplete-hasPopupIcon emotion-44"
            name="address.country"
          >
            <div
              class="MuiFormControl-root MuiFormControl-fullWidth MuiTextField-root emotion-32"
            >
              <label
                class="MuiFormLabel-root MuiInputLabel-root MuiInputLabel-formControl MuiInputLabel-animated MuiInputLabel-sizeMedium MuiInputLabel-outlined MuiFormLabel-colorPrimary MuiInputLabel-root MuiInputLabel-formControl MuiInputLabel-animated MuiInputLabel-sizeMedium MuiInputLabel-outlined emotion-46"
                data-shrink="false"
                for=":r6:"
                id=":r6:-label"
              >
                Land
              </label>
              <div
                class="MuiInputBase-root MuiOutlinedInput-root MuiInputBase-colorPrimary MuiInputBase-fullWidth MuiInputBase-formControl MuiInputBase-adornedEnd MuiAutocomplete-inputRoot emotion-47"
              >
                <input
                  aria-autocomplete="list"
                  aria-expanded="false"
                  aria-invalid="false"
                  autocapitalize="none"
                  autocomplete="nothing"
                  class="MuiInputBase-input MuiOutlinedInput-input MuiInputBase-inputAdornedEnd MuiAutocomplete-input MuiAutocomplete-inputFocused emotion-48"
                  id=":r6:"
                  role="combobox"
                  spellcheck="false"
                  type="text"
                  value=""
                />
                <div
                  class="MuiAutocomplete-endAdornment emotion-49"
                >
                  <button
                    aria-label="Open"
                    class="MuiButtonBase-root MuiIconButton-root MuiIconButton-sizeMedium MuiAutocomplete-popupIndicator emotion-50"
                    tabindex="-1"
                    title="Open"
                    type="button"
                  >
                    <svg
                      aria-hidden="true"
                      class="MuiSvgIcon-root MuiSvgIcon-fontSizeMedium emotion-51"
                      data-testid="ArrowDropDownIcon"
                      focusable="false"
                      viewBox="0 0 24 24"
                    >
                      <path
                        d="M7 10l5 5 5-5z"
                      />
                    </svg>
                    <span
                      class="MuiTouchRipple-root emotion-52"
                    />
                  </button>
                </div>
                <fieldset
                  aria-hidden="true"
                  class="MuiOutlinedInput-notchedOutline emotion-10"
                >
                  <legend
                    class="emotion-54"
                  >
                    <span>
                      Land
                    </span>
                  </legend>
                </fieldset>
              </div>
            </div>
          </div>
        </div>
      </div>
      <div
        class="emotion-55 emotion-56"
      >
        <p
          class="MuiTypography-root MuiTypography-body1 MuiTypography-gutterBottom emotion-57"
        >
          Nur ausfüllen, wenn Sie das Passwort ändern möchten. Ansonsten leer lassen.
        </p>
        <div
          class="MuiFormControl-root MuiFormControl-fullWidth MuiTextField-root emotion-32"
        >
          <label
            class="MuiFormLabel-root MuiInputLabel-root MuiInputLabel-formControl MuiInputLabel-animated MuiInputLabel-sizeMedium MuiInputLabel-outlined MuiFormLabel-colorPrimary MuiInputLabel-root MuiInputLabel-formControl MuiInputLabel-animated MuiInputLabel-sizeMedium MuiInputLabel-outlined emotion-46"
            data-shrink="false"
            for=":r8:"
            id=":r8:-label"
          >
            Passwort
          </label>
          <div
            class="MuiInputBase-root MuiOutlinedInput-root MuiInputBase-colorPrimary MuiInputBase-fullWidth MuiInputBase-formControl MuiInputBase-adornedEnd emotion-47"
          >
            <input
              aria-invalid="false"
              autocomplete="new-password"
              class="MuiInputBase-input MuiOutlinedInput-input MuiInputBase-inputAdornedEnd emotion-48"
              id=":r8:"
              name="password"
              type="password"
              value=""
            />
            <div
              class="MuiInputAdornment-root MuiInputAdornment-positionEnd MuiInputAdornment-outlined MuiInputAdornment-sizeMedium emotion-62"
            >
              <button
                class="MuiButtonBase-root MuiIconButton-root MuiIconButton-edgeEnd MuiIconButton-sizeMedium emotion-63"
                tabindex="0"
                type="button"
              >
                <svg
                  fill="currentColor"
                  height="1em"
                  stroke="currentColor"
                  stroke-width="0"
                  viewBox="0 0 24 24"
                  width="1em"
                  xmlns="http://www.w3.org/2000/svg"
                >
                  <path
                    d="M0 0h24v24H0z"
                    fill="none"
                  />
                  <path
                    d="M12 4.5C7 4.5 2.73 7.61 1 12c1.73 4.39 6 7.5 11 7.5s9.27-3.11 11-7.5c-1.73-4.39-6-7.5-11-7.5zM12 17c-2.76 0-5-2.24-5-5s2.24-5 5-5 5 2.24 5 5-2.24 5-5 5zm0-8c-1.66 0-3 1.34-3 3s1.34 3 3 3 3-1.34 3-3-1.34-3-3-3z"
                  />
                </svg>
                <span
                  class="MuiTouchRipple-root emotion-52"
                />
              </button>
            </div>
            <fieldset
              aria-hidden="true"
              class="MuiOutlinedInput-notchedOutline emotion-10"
            >
              <legend
                class="emotion-54"
              >
                <span>
                  Passwort
                </span>
              </legend>
            </fieldset>
          </div>
        </div>
        <div
          class="MuiFormControl-root MuiFormControl-fullWidth MuiTextField-root emotion-32"
        >
          <label
            class="MuiFormLabel-root MuiInputLabel-root MuiInputLabel-formControl MuiInputLabel-animated MuiInputLabel-sizeMedium MuiInputLabel-outlined MuiFormLabel-colorPrimary MuiInputLabel-root MuiInputLabel-formControl MuiInputLabel-animated MuiInputLabel-sizeMedium MuiInputLabel-outlined emotion-46"
            data-shrink="false"
            for=":r9:"
            id=":r9:-label"
          >
            Passwort wiederholen
          </label>
          <div
            class="MuiInputBase-root MuiOutlinedInput-root MuiInputBase-colorPrimary MuiInputBase-fullWidth MuiInputBase-formControl MuiInputBase-adornedEnd emotion-47"
          >
            <input
              aria-invalid="false"
              autocomplete="new-password"
              class="MuiInputBase-input MuiOutlinedInput-input MuiInputBase-inputAdornedEnd emotion-48"
              id=":r9:"
              name="passwordRepeated"
              type="password"
              value=""
            />
            <div
              class="MuiInputAdornment-root MuiInputAdornment-positionEnd MuiInputAdornment-outlined MuiInputAdornment-sizeMedium emotion-62"
            >
              <button
                class="MuiButtonBase-root MuiIconButton-root MuiIconButton-edgeEnd MuiIconButton-sizeMedium emotion-63"
                tabindex="0"
                type="button"
              >
                <svg
                  fill="currentColor"
                  height="1em"
                  stroke="currentColor"
                  stroke-width="0"
                  viewBox="0 0 24 24"
                  width="1em"
                  xmlns="http://www.w3.org/2000/svg"
                >
                  <path
                    d="M0 0h24v24H0z"
                    fill="none"
                  />
                  <path
                    d="M12 4.5C7 4.5 2.73 7.61 1 12c1.73 4.39 6 7.5 11 7.5s9.27-3.11 11-7.5c-1.73-4.39-6-7.5-11-7.5zM12 17c-2.76 0-5-2.24-5-5s2.24-5 5-5 5 2.24 5 5-2.24 5-5 5zm0-8c-1.66 0-3 1.34-3 3s1.34 3 3 3 3-1.34 3-3-1.34-3-3-3z"
                  />
                </svg>
                <span
                  class="MuiTouchRipple-root emotion-52"
                />
              </button>
            </div>
            <fieldset
              aria-hidden="true"
              class="MuiOutlinedInput-notchedOutline emotion-10"
            >
              <legend
                class="emotion-54"
              >
                <span>
                  Passwort wiederholen
                </span>
              </legend>
            </fieldset>
          </div>
        </div>
      </div>
      <div
        class="emotion-76 emotion-77"
      >
        <div
          class="MuiFormControl-root MuiFormControl-fullWidth MuiTextField-root emotion-32"
        >
          <label
            class="MuiFormLabel-root MuiInputLabel-root MuiInputLabel-formControl MuiInputLabel-animated MuiInputLabel-shrink MuiInputLabel-sizeMedium MuiInputLabel-outlined MuiFormLabel-colorPrimary Mui-disabled MuiFormLabel-filled MuiInputLabel-root MuiInputLabel-formControl MuiInputLabel-animated MuiInputLabel-shrink MuiInputLabel-sizeMedium MuiInputLabel-outlined emotion-7"
            data-shrink="true"
            for=":ra:"
            id=":ra:-label"
          >
            Email (nicht bearbeitbar)
          </label>
          <div
            class="MuiInputBase-root MuiOutlinedInput-root MuiInputBase-colorPrimary Mui-disabled MuiInputBase-fullWidth MuiInputBase-formControl emotion-28"
          >
            <input
              aria-invalid="false"
              class="MuiInputBase-input MuiOutlinedInput-input Mui-disabled emotion-9"
              disabled=""
              id=":ra:"
              name="email"
              type="email"
              value="some-example@mail.com"
            />
            <fieldset
              aria-hidden="true"
              class="MuiOutlinedInput-notchedOutline emotion-10"
            >
              <legend
                class="emotion-11"
              >
                <span>
                  Email (nicht bearbeitbar)
                </span>
              </legend>
            </fieldset>
          </div>
        </div>
      </div>
    </div>
    <button
      class="MuiButtonBase-root MuiButton-root MuiButton-contained MuiButton-containedPrimary MuiButton-sizeMedium MuiButton-containedSizeMedium MuiButton-colorPrimary MuiButton-root MuiButton-contained MuiButton-containedPrimary MuiButton-sizeMedium MuiButton-containedSizeMedium MuiButton-colorPrimary emotion-84"
      tabindex="0"
      type="submit"
    >
      Speichern
      <span
        class="MuiTouchRipple-root emotion-52"
      />
    </button>
  </form>
</DocumentFragment>
`;

exports[`Personal Data Form Container should render Filled 1`] = `
"Snapshot Diff:
- First value
+ Second value

@@ -27,11 +27,11 @@
                autocomplete="firstname"
                class="MuiInputBase-input MuiOutlinedInput-input css-1t8l2tu-MuiInputBase-input-MuiOutlinedInput-input"
                id=":rb:"
                name="firstName"
                type="text"
-               value="Kamil"
+               value="KamilFoo"
              />
              <fieldset
                aria-hidden="true"
                class="MuiOutlinedInput-notchedOutline css-1d3z3hw-MuiOutlinedInput-notchedOutline"
              >
@@ -100,11 +100,11 @@
                autocomplete="lastname"
                class="MuiInputBase-input MuiOutlinedInput-input css-1t8l2tu-MuiInputBase-input-MuiOutlinedInput-input"
                id=":rd:"
                name="name"
                type="text"
-               value="Wasyl"
+               value="WasylBar"
              />
              <fieldset
                aria-hidden="true"
                class="MuiOutlinedInput-notchedOutline css-1d3z3hw-MuiOutlinedInput-notchedOutline"
              >
@@ -140,11 +140,11 @@
                  autocomplete="address"
                  class="MuiInputBase-input MuiOutlinedInput-input css-1t8l2tu-MuiInputBase-input-MuiOutlinedInput-input"
                  id=":re:"
                  name="address.streetAddress"
                  type="text"
-                 value="Cool Street"
+                 value="Cool StreetMusterstrasse 1"
                />
                <fieldset
                  aria-hidden="true"
                  class="MuiOutlinedInput-notchedOutline css-1d3z3hw-MuiOutlinedInput-notchedOutline"
                >
@@ -177,11 +177,11 @@
                  autocomplete="zip"
                  class="MuiInputBase-input MuiOutlinedInput-input css-1t8l2tu-MuiInputBase-input-MuiOutlinedInput-input"
                  id=":rf:"
                  name="address.zipCode"
                  type="text"
-                 value="12345"
+                 value="123458047"
                />
                <fieldset
                  aria-hidden="true"
                  class="MuiOutlinedInput-notchedOutline css-1d3z3hw-MuiOutlinedInput-notchedOutline"
                >
@@ -214,11 +214,11 @@
                  autocomplete="city"
                  class="MuiInputBase-input MuiOutlinedInput-input css-1t8l2tu-MuiInputBase-input-MuiOutlinedInput-input"
                  id=":rg:"
                  name="address.city"
                  type="text"
-                 value="Surfers Paradise"
+                 value="Surfers ParadiseZürich"
                />
                <fieldset
                  aria-hidden="true"
                  class="MuiOutlinedInput-notchedOutline css-1d3z3hw-MuiOutlinedInput-notchedOutline"
                >
@@ -231,44 +231,82 @@
                  </legend>
                </fieldset>
              </div>
            </div>
            <div
-             class="MuiAutocomplete-root MuiAutocomplete-hasPopupIcon css-cb07vo-MuiAutocomplete-root"
+             class="MuiAutocomplete-root MuiAutocomplete-hasClearIcon MuiAutocomplete-hasPopupIcon css-cb07vo-MuiAutocomplete-root"
              name="address.country"
            >
              <div
                class="MuiFormControl-root MuiFormControl-fullWidth MuiTextField-root css-wb57ya-MuiFormControl-root-MuiTextField-root"
              >
                <label
-                 class="MuiFormLabel-root MuiInputLabel-root MuiInputLabel-formControl MuiInputLabel-animated MuiInputLabel-sizeMedium MuiInputLabel-outlined MuiFormLabel-colorPrimary MuiInputLabel-root MuiInputLabel-formControl MuiInputLabel-animated MuiInputLabel-sizeMedium MuiInputLabel-outlined css-gv8x57-MuiFormLabel-root-MuiInputLabel-root"
-                 data-shrink="false"
+                 class="MuiFormLabel-root MuiInputLabel-root MuiInputLabel-formControl MuiInputLabel-animated MuiInputLabel-shrink MuiInputLabel-sizeMedium MuiInputLabel-outlined MuiFormLabel-colorPrimary MuiFormLabel-filled MuiInputLabel-root MuiInputLabel-formControl MuiInputLabel-animated MuiInputLabel-shrink MuiInputLabel-sizeMedium MuiInputLabel-outlined css-1oxf4qp-MuiFormLabel-root-MuiInputLabel-root"
+                 data-shrink="true"
                  for=":rh:"
                  id=":rh:-label"
                >
                  Land
                </label>
                <div
-                 class="MuiInputBase-root MuiOutlinedInput-root MuiInputBase-colorPrimary MuiInputBase-fullWidth MuiInputBase-formControl MuiInputBase-adornedEnd MuiAutocomplete-inputRoot css-1y6ah8l-MuiInputBase-root-MuiOutlinedInput-root"
+                 class="MuiInputBase-root MuiOutlinedInput-root MuiInputBase-colorPrimary MuiInputBase-fullWidth MuiInputBase-formControl MuiInputBase-adornedStart MuiInputBase-adornedEnd MuiAutocomplete-inputRoot css-fv07na-MuiInputBase-root-MuiOutlinedInput-root"
+               >
+                 <div
+                   class="MuiInputAdornment-root MuiInputAdornment-positionStart MuiInputAdornment-outlined MuiInputAdornment-sizeMedium css-16su6c8-MuiInputAdornment-root"
                  >
+                   <span
+                     class="notranslate"
+                   >
+                     ​
+                   </span>
+                   <img
+                     alt="Schweiz"
+                     loading="lazy"
+                     src="https://flagcdn.com/w20/ch.webp"
+                     srcset="https://flagcdn.com/w40/ch.webp 2x"
+                     width="20"
+                   />
+                 </div>
                  <input
                    aria-autocomplete="list"
                    aria-expanded="false"
                    aria-invalid="false"
                    autocapitalize="none"
                    autocomplete="nothing"
-                   class="MuiInputBase-input MuiOutlinedInput-input MuiInputBase-inputAdornedEnd MuiAutocomplete-input MuiAutocomplete-inputFocused css-nxo287-MuiInputBase-input-MuiOutlinedInput-input"
+                   class="MuiInputBase-input MuiOutlinedInput-input MuiInputBase-inputAdornedStart MuiInputBase-inputAdornedEnd MuiAutocomplete-input MuiAutocomplete-inputFocused css-152mnda-MuiInputBase-input-MuiOutlinedInput-input"
                    id=":rh:"
                    role="combobox"
                    spellcheck="false"
                    type="text"
-                   value=""
+                   value="Schweiz"
                  />
                  <div
                    class="MuiAutocomplete-endAdornment css-p1olib-MuiAutocomplete-endAdornment"
                  >
                    <button
+                     aria-label="Clear"
+                     class="MuiButtonBase-root MuiIconButton-root MuiIconButton-sizeMedium MuiAutocomplete-clearIndicator css-1glvl0p-MuiButtonBase-root-MuiIconButton-root-MuiAutocomplete-clearIndicator"
+                     tabindex="-1"
+                     title="Clear"
+                     type="button"
+                   >
+                     <svg
+                       aria-hidden="true"
+                       class="MuiSvgIcon-root MuiSvgIcon-fontSizeSmall css-ptiqhd-MuiSvgIcon-root"
+                       data-testid="CloseIcon"
+                       focusable="false"
+                       viewBox="0 0 24 24"
+                     >
+                       <path
+                         d="M19 6.41L17.59 5 12 10.59 6.41 5 5 6.41 10.59 12 5 17.59 6.41 19 12 13.41 17.59 19 19 17.59 13.41 12z"
+                       />
+                     </svg>
+                     <span
+                       class="MuiTouchRipple-root css-8je8zh-MuiTouchRipple-root"
+                     />
+                   </button>
+                   <button
                      aria-label="Open"
                      class="MuiButtonBase-root MuiIconButton-root MuiIconButton-sizeMedium MuiAutocomplete-popupIndicator css-qzbt6i-MuiButtonBase-root-MuiIconButton-root-MuiAutocomplete-popupIndicator"
                      tabindex="-1"
                      title="Open"
                      type="button"
@@ -292,11 +330,11 @@
                  <fieldset
                    aria-hidden="true"
                    class="MuiOutlinedInput-notchedOutline css-1d3z3hw-MuiOutlinedInput-notchedOutline"
                  >
                    <legend
-                     class="css-yjsfm1"
+                     class="css-14lo706"
                    >
                      <span>
                        Land
                      </span>
                    </legend>
@@ -316,12 +354,12 @@
          </p>
          <div
            class="MuiFormControl-root MuiFormControl-fullWidth MuiTextField-root css-wb57ya-MuiFormControl-root-MuiTextField-root"
          >
            <label
-             class="MuiFormLabel-root MuiInputLabel-root MuiInputLabel-formControl MuiInputLabel-animated MuiInputLabel-sizeMedium MuiInputLabel-outlined MuiFormLabel-colorPrimary MuiInputLabel-root MuiInputLabel-formControl MuiInputLabel-animated MuiInputLabel-sizeMedium MuiInputLabel-outlined css-gv8x57-MuiFormLabel-root-MuiInputLabel-root"
-             data-shrink="false"
+             class="MuiFormLabel-root MuiInputLabel-root MuiInputLabel-formControl MuiInputLabel-animated MuiInputLabel-shrink MuiInputLabel-sizeMedium MuiInputLabel-outlined MuiFormLabel-colorPrimary MuiFormLabel-filled MuiInputLabel-root MuiInputLabel-formControl MuiInputLabel-animated MuiInputLabel-shrink MuiInputLabel-sizeMedium MuiInputLabel-outlined css-1oxf4qp-MuiFormLabel-root-MuiInputLabel-root"
+             data-shrink="true"
              for=":rj:"
              id=":rj:-label"
            >
              Passwort
            </label>
@@ -333,11 +371,11 @@
                autocomplete="new-password"
                class="MuiInputBase-input MuiOutlinedInput-input MuiInputBase-inputAdornedEnd css-nxo287-MuiInputBase-input-MuiOutlinedInput-input"
                id=":rj:"
                name="password"
                type="password"
-               value=""
+               value="12345678"
              />
              <div
                class="MuiInputAdornment-root MuiInputAdornment-positionEnd MuiInputAdornment-outlined MuiInputAdornment-sizeMedium css-1om5its-MuiInputAdornment-root"
              >
                <button
@@ -370,11 +408,11 @@
              <fieldset
                aria-hidden="true"
                class="MuiOutlinedInput-notchedOutline css-1d3z3hw-MuiOutlinedInput-notchedOutline"
              >
                <legend
-                 class="css-yjsfm1"
+                 class="css-14lo706"
                >
                  <span>
                    Passwort
                  </span>
                </legend>
@@ -383,12 +421,12 @@
          </div>
          <div
            class="MuiFormControl-root MuiFormControl-fullWidth MuiTextField-root css-wb57ya-MuiFormControl-root-MuiTextField-root"
          >
            <label
-             class="MuiFormLabel-root MuiInputLabel-root MuiInputLabel-formControl MuiInputLabel-animated MuiInputLabel-sizeMedium MuiInputLabel-outlined MuiFormLabel-colorPrimary MuiInputLabel-root MuiInputLabel-formControl MuiInputLabel-animated MuiInputLabel-sizeMedium MuiInputLabel-outlined css-gv8x57-MuiFormLabel-root-MuiInputLabel-root"
-             data-shrink="false"
+             class="MuiFormLabel-root MuiInputLabel-root MuiInputLabel-formControl MuiInputLabel-animated MuiInputLabel-shrink MuiInputLabel-sizeMedium MuiInputLabel-outlined MuiFormLabel-colorPrimary MuiFormLabel-filled MuiInputLabel-root MuiInputLabel-formControl MuiInputLabel-animated MuiInputLabel-shrink MuiInputLabel-sizeMedium MuiInputLabel-outlined css-1oxf4qp-MuiFormLabel-root-MuiInputLabel-root"
+             data-shrink="true"
              for=":rk:"
              id=":rk:-label"
            >
              Passwort wiederholen
            </label>
@@ -400,11 +438,11 @@
                autocomplete="new-password"
                class="MuiInputBase-input MuiOutlinedInput-input MuiInputBase-inputAdornedEnd css-nxo287-MuiInputBase-input-MuiOutlinedInput-input"
                id=":rk:"
                name="passwordRepeated"
                type="password"
-               value=""
+               value="12345678"
              />
              <div
                class="MuiInputAdornment-root MuiInputAdornment-positionEnd MuiInputAdornment-outlined MuiInputAdornment-sizeMedium css-1om5its-MuiInputAdornment-root"
              >
                <button
@@ -437,11 +475,11 @@
              <fieldset
                aria-hidden="true"
                class="MuiOutlinedInput-notchedOutline css-1d3z3hw-MuiOutlinedInput-notchedOutline"
              >
                <legend
-                 class="css-yjsfm1"
+                 class="css-14lo706"
                >
                  <span>
                    Passwort wiederholen
                  </span>
                </legend>
@@ -487,10 +525,35 @@
                  </span>
                </legend>
              </fieldset>
            </div>
          </div>
+       </div>
+     </div>
+     <div
+       class="MuiPaper-root MuiPaper-elevation MuiPaper-rounded MuiPaper-elevation0 MuiAlert-root MuiAlert-colorSuccess MuiAlert-standardSuccess MuiAlert-standard css-46pek3-MuiPaper-root-MuiAlert-root"
+       role="alert"
+     >
+       <div
+         class="MuiAlert-icon css-1ytlwq5-MuiAlert-icon"
+       >
+         <svg
+           aria-hidden="true"
+           class="MuiSvgIcon-root MuiSvgIcon-fontSizeInherit css-1vooibu-MuiSvgIcon-root"
+           data-testid="SuccessOutlinedIcon"
+           focusable="false"
+           viewBox="0 0 24 24"
+         >
+           <path
+             d="M20,12A8,8 0 0,1 12,20A8,8 0 0,1 4,12A8,8 0 0,1 12,4C12.76,4 13.5,4.11 14.2, 4.31L15.77,2.74C14.61,2.26 13.34,2 12,2A10,10 0 0,0 2,12A10,10 0 0,0 12,22A10,10 0 0, 0 22,12M7.91,10.08L6.5,11.5L11,16L21,6L19.59,4.58L11,13.17L7.91,10.08Z"
+           />
+         </svg>
+       </div>
+       <div
+         class="MuiAlert-message css-1pxa9xg-MuiAlert-message"
+       >
+         Änderungen erfolgreich gespeichert!
        </div>
      </div>
      <button
        class="MuiButtonBase-root MuiButton-root MuiButton-contained MuiButton-containedPrimary MuiButton-sizeMedium MuiButton-containedSizeMedium MuiButton-colorPrimary MuiButton-root MuiButton-contained MuiButton-containedPrimary MuiButton-sizeMedium MuiButton-containedSizeMedium MuiButton-colorPrimary css-13uldyx-MuiButtonBase-root-MuiButton-root-PersonalDataForm"
        tabindex="0""
`;
